Component: ARM Compiler 5.06 update 6 (build 750) Tool: armlink [4d35ed]

==============================================================================

Section Cross References

    main.o(i.EXTI1_IRQHandler) refers to stm32f10x_exti.o(i.EXTI_GetITStatus) for EXTI_GetITStatus
    main.o(i.EXTI1_IRQHandler) refers to stm32f10x_exti.o(i.EXTI_ClearITPendingBit) for EXTI_ClearITPendingBit
    main.o(i.EXTI1_IRQHandler) refers to queue.o(i.xQueueGiveFromISR) for xQueueGiveFromISR
    main.o(i.EXTI1_IRQHandler) refers to main.o(.data) for xButtonSem
    main.o(i.Task_Alert) refers to queue.o(i.xQueueSemaphoreTake) for xQueueSemaphoreTake
    main.o(i.Task_Alert) refers to rt_memcpy_w.o(.text) for __aeabi_memcpy4
    main.o(i.Task_Alert) refers to queue.o(i.xQueueGenericSend) for xQueueGenericSend
    main.o(i.Task_Alert) refers to frleqf.o(x$fpl$frleqf) for __aeabi_cfrcmple
    main.o(i.Task_Alert) refers to buzzer.o(i.Buzzer_SetFrequency) for Buzzer_SetFrequency
    main.o(i.Task_Alert) refers to buzzer.o(i.Buzzer_GetARR) for Buzzer_GetARR
    main.o(i.Task_Alert) refers to stm32f10x_tim.o(i.TIM_SetCompare1) for TIM_SetCompare1
    main.o(i.Task_Alert) refers to buzzer.o(i.Buzzer_Start) for Buzzer_Start
    main.o(i.Task_Alert) refers to graphic.o(i.FontMakerPutString) for FontMakerPutString
    main.o(i.Task_Alert) refers to buzzer.o(i.Buzzer_Stop) for Buzzer_Stop
    main.o(i.Task_Alert) refers to st7735.o(i.FillRect) for FillRect
    main.o(i.Task_Alert) refers to tasks.o(i.vTaskDelay) for vTaskDelay
    main.o(i.Task_Alert) refers to main.o(.data) for xDataMutex
    main.o(i.Task_Alert) refers to main.o(.bss) for gPzemData
    main.o(i.Task_Alert) refers to fontmaker.o(.constdata) for FontDemo1
    main.o(i.Task_ButtonHandler) refers to queue.o(i.xQueueSemaphoreTake) for xQueueSemaphoreTake
    main.o(i.Task_ButtonHandler) refers to tasks.o(i.vTaskDelay) for vTaskDelay
    main.o(i.Task_ButtonHandler) refers to stm32f10x_gpio.o(i.GPIO_ReadInputDataBit) for GPIO_ReadInputDataBit
    main.o(i.Task_ButtonHandler) refers to graphic.o(i.FontMakerPutString) for FontMakerPutString
    main.o(i.Task_ButtonHandler) refers to buzzer.o(i.Buzzer_Stop) for Buzzer_Stop
    main.o(i.Task_ButtonHandler) refers to queue.o(i.xQueueGenericSend) for xQueueGenericSend
    main.o(i.Task_ButtonHandler) refers to main.o(.data) for xButtonSem
    main.o(i.Task_ButtonHandler) refers to fontmaker.o(.constdata) for FontDemo1
    main.o(i.Task_Display) refers to _printf_percent.o(.ARM.Collect$$_printf_percent$$00000000) for _printf_percent
    main.o(i.Task_Display) refers to _printf_f.o(.ARM.Collect$$_printf_percent$$00000003) for _printf_f
    main.o(i.Task_Display) refers to printf1.o(x$fpl$printf1) for _printf_fp_dec
    main.o(i.Task_Display) refers to queue.o(i.xQueueReceive) for xQueueReceive
    main.o(i.Task_Display) refers to queue.o(i.xQueueSemaphoreTake) for xQueueSemaphoreTake
    main.o(i.Task_Display) refers to st7735.o(i.FillRect) for FillRect
    main.o(i.Task_Display) refers to f2d.o(x$fpl$f2d) for __aeabi_f2d
    main.o(i.Task_Display) refers to noretval__2sprintf.o(.text) for __2sprintf
    main.o(i.Task_Display) refers to graphic.o(i.FontMakerPutString) for FontMakerPutString
    main.o(i.Task_Display) refers to queue.o(i.xQueueGenericSend) for xQueueGenericSend
    main.o(i.Task_Display) refers to main.o(.data) for xPzemQueue
    main.o(i.Task_Display) refers to fontmaker.o(.constdata) for FontDemo1
    main.o(i.Task_PZEM) refers to pzem004t.o(i.PZEM_ReadAll) for PZEM_ReadAll
    main.o(i.Task_PZEM) refers to pzem004t.o(i.PZEM_GetVoltage) for PZEM_GetVoltage
    main.o(i.Task_PZEM) refers to pzem004t.o(i.PZEM_GetCurrent) for PZEM_GetCurrent
    main.o(i.Task_PZEM) refers to pzem004t.o(i.PZEM_GetPower) for PZEM_GetPower
    main.o(i.Task_PZEM) refers to pzem004t.o(i.PZEM_GetEnergy) for PZEM_GetEnergy
    main.o(i.Task_PZEM) refers to pzem004t.o(i.PZEM_GetFrequency) for PZEM_GetFrequency
    main.o(i.Task_PZEM) refers to pzem004t.o(i.PZEM_GetPF) for PZEM_GetPF
    main.o(i.Task_PZEM) refers to queue.o(i.xQueueSemaphoreTake) for xQueueSemaphoreTake
    main.o(i.Task_PZEM) refers to rt_memcpy_w.o(.text) for __aeabi_memcpy4
    main.o(i.Task_PZEM) refers to queue.o(i.xQueueGenericSend) for xQueueGenericSend
    main.o(i.Task_PZEM) refers to tasks.o(i.vTaskDelay) for vTaskDelay
    main.o(i.Task_PZEM) refers to main.o(.data) for xDataMutex
    main.o(i.Task_PZEM) refers to main.o(.bss) for gPzemData
    main.o(i.main) refers to spi.o(i.Config_SPI) for Config_SPI
    main.o(i.main) refers to uart.o(i.Config_UART) for Config_UART
    main.o(i.main) refers to uart.o(i.Config_Button) for Config_Button
    main.o(i.main) refers to stm32f10x_gpio.o(i.GPIO_SetBits) for GPIO_SetBits
    main.o(i.main) refers to st7735.o(i.ST7735_Init) for ST7735_Init
    main.o(i.main) refers to graphic.o(i.IOT47_GFX_connectToDriver) for IOT47_GFX_connectToDriver
[...]
    prvProcessReceivedCommands               0x08003331   Thumb Code   264  timers.o(i.prvProcessReceivedCommands)
    i.prvProcessTimerOrBlockTask             0x0800343c   Section        0  timers.o(i.prvProcessTimerOrBlockTask)
    prvProcessTimerOrBlockTask               0x0800343d   Thumb Code   102  timers.o(i.prvProcessTimerOrBlockTask)
    i.prvResetNextTaskUnblockTime            0x080034b0   Section        0  tasks.o(i.prvResetNextTaskUnblockTime)
    prvResetNextTaskUnblockTime              0x080034b1   Thumb Code    42  tasks.o(i.prvResetNextTaskUnblockTime)
    i.prvSampleTimeNow                       0x080034e4   Section        0  timers.o(i.prvSampleTimeNow)
    prvSampleTimeNow                         0x080034e5   Thumb Code    40  timers.o(i.prvSampleTimeNow)
    i.prvSwitchTimerLists                    0x08003510   Section        0  timers.o(i.prvSwitchTimerLists)
    prvSwitchTimerLists                      0x08003511   Thumb Code   126  timers.o(i.prvSwitchTimerLists)
    i.prvTaskExitError                       0x08003598   Section        0  port.o(i.prvTaskExitError)
    prvTaskExitError                         0x08003599   Thumb Code    22  port.o(i.prvTaskExitError)
    i.prvTimerTask                           0x080035ae   Section        0  timers.o(i.prvTimerTask)
    prvTimerTask                             0x080035af   Thumb Code    26  timers.o(i.prvTimerTask)
    i.prvUnlockQueue                         0x080035c8   Section        0  queue.o(i.prvUnlockQueue)
    prvUnlockQueue                           0x080035c9   Thumb Code   126  queue.o(i.prvUnlockQueue)
    i.pvPortMalloc                           0x08003648   Section        0  heap_4.o(i.pvPortMalloc)
    i.pvTaskIncrementMutexHeldCount          0x08003728   Section        0  tasks.o(i.pvTaskIncrementMutexHeldCount)
    i.pxPortInitialiseStack                  0x08003748   Section        0  port.o(i.pxPortInitialiseStack)
    i.uxListRemove                           0x0800376c   Section        0  list.o(i.uxListRemove)
    i.vApplicationGetIdleTaskMemory          0x08003794   Section        0  cmsis_os2.o(i.vApplicationGetIdleTaskMemory)
    i.vApplicationGetTimerTaskMemory         0x080037ac   Section        0  cmsis_os2.o(i.vApplicationGetTimerTaskMemory)
    i.vApplicationStackOverflowHook          0x080037c4   Section        0  cmsis_os2.o(i.vApplicationStackOverflowHook)
    i.vListInitialise                        0x080037c6   Section        0  list.o(i.vListInitialise)
    i.vListInitialiseItem                    0x080037e0   Section        0  list.o(i.vListInitialiseItem)
    i.vListInsert                            0x080037e6   Section        0  list.o(i.vListInsert)
    i.vListInsertEnd                         0x0800381a   Section        0  list.o(i.vListInsertEnd)
    i.vPortEnterCritical                     0x08003834   Section        0  port.o(i.vPortEnterCritical)
    i.vPortExitCritical                      0x08003858   Section        0  port.o(i.vPortExitCritical)
    i.vPortFree                              0x08003878   Section        0  heap_4.o(i.vPortFree)
    i.vPortSetupTimerInterrupt               0x080038d0   Section        0  port.o(i.vPortSetupTimerInterrupt)
    i.vQueueDelete                           0x080038f8   Section        0  queue.o(i.vQueueDelete)
    i.vQueueWaitForMessageRestricted         0x0800390c   Section        0  queue.o(i.vQueueWaitForMessageRestricted)
    i.vTaskDelay                             0x08003958   Section        0  tasks.o(i.vTaskDelay)
    i.vTaskInternalSetTimeOutState           0x0800398c   Section        0  tasks.o(i.vTaskInternalSetTimeOutState)
    i.vTaskMissedYield                       0x080039a4   Section        0  tasks.o(i.vTaskMissedYield)
    i.vTaskPlaceOnEventList                  0x080039b0   Section        0  tasks.o(i.vTaskPlaceOnEventList)
    i.vTaskPlaceOnEventListRestricted        0x080039d0   Section        0  tasks.o(i.vTaskPlaceOnEventListRestricted)
    i.vTaskPriorityDisinheritAfterTimeout    0x080039f8   Section        0  tasks.o(i.vTaskPriorityDisinheritAfterTimeout)
    i.vTaskStartScheduler                    0x08003a84   Section        0  tasks.o(i.vTaskStartScheduler)
    i.vTaskSuspendAll                        0x08003b18   Section        0  tasks.o(i.vTaskSuspendAll)
    i.vTaskSwitchContext                     0x08003b28   Section        0  tasks.o(i.vTaskSwitchContext)
    i.xPortStartScheduler                    0x08003bd8   Section        0  port.o(i.xPortStartScheduler)
    i.xPortSysTickHandler                    0x08003c0c   Section        0  port.o(i.xPortSysTickHandler)
    i.xQueueCreateMutex                      0x08003c40   Section        0  queue.o(i.xQueueCreateMutex)
    i.xQueueCreateMutexStatic                0x08003c62   Section        0  queue.o(i.xQueueCreateMutexStatic)
    i.xQueueGenericCreate                    0x08003c8c   Section        0  queue.o(i.xQueueGenericCreate)
    i.xQueueGenericCreateStatic              0x08003cc6   Section        0  queue.o(i.xQueueGenericCreateStatic)
    i.xQueueGenericReset                     0x08003cf4   Section        0  queue.o(i.xQueueGenericReset)
    i.xQueueGenericSend                      0x08003d74   Section        0  queue.o(i.xQueueGenericSend)
    i.xQueueGenericSendFromISR               0x08003e8c   Section        0  queue.o(i.xQueueGenericSendFromISR)
    i.xQueueGiveFromISR                      0x08003f16   Section        0  queue.o(i.xQueueGiveFromISR)
    i.xQueueReceive                          0x08003f90   Section        0  queue.o(i.xQueueReceive)
    i.xQueueSemaphoreTake                    0x08004094   Section        0  queue.o(i.xQueueSemaphoreTake)
    i.xTaskCheckForTimeOut                   0x080041c4   Section        0  tasks.o(i.xTaskCheckForTimeOut)
    i.xTaskCreate                            0x08004220   Section        0  tasks.o(i.xTaskCreate)
    i.xTaskCreateStatic                      0x08004284   Section        0  tasks.o(i.xTaskCreateStatic)
    i.xTaskGetSchedulerState                 0x080042d4   Section        0  tasks.o(i.xTaskGetSchedulerState)
    i.xTaskGetTickCount                      0x080042f4   Section        0  tasks.o(i.xTaskGetTickCount)
    i.xTaskIncrementTick                     0x08004300   Section        0  tasks.o(i.xTaskIncrementTick)
    i.xTaskPriorityDisinherit                0x08004418   Section        0  tasks.o(i.xTaskPriorityDisinherit)
    i.xTaskPriorityInherit                   0x08004478   Section        0  tasks.o(i.xTaskPriorityInherit)
    i.xTaskRemoveFromEventList               0x0800451c   Section        0  tasks.o(i.xTaskRemoveFromEventList)
    i.xTaskResumeAll                         0x0800459c   Section        0  tasks.o(i.xTaskResumeAll)
    i.xTimerCreateTimerTask                  0x08004684   Section        0  timers.o(i.xTimerCreateTimerTask)
    i.xTimerGenericCommand                   0x080046e4   Section        0  timers.o(i.xTimerGenericCommand)
    locale$$code                             0x08004750   Section       44  lc_numeric_c.o(locale$$code)
    x$fpl$dretinf                            0x0800477c   Section       12  dretinf.o(x$fpl$dretinf)
    x$fpl$f2d                                0x08004788   Section       86  f2d.o(x$fpl$f2d)
    x$fpl$fcmpinf                            0x080047de   Section       24  fcmpi.o(x$fpl$fcmpinf)
    x$fpl$fdiv                               0x080047f8   Section      388  fdiv.o(x$fpl$fdiv)
    _fdiv1                                   0x080047f9   Thumb Code     0  fdiv.o(x$fpl$fdiv)
    x$fpl$fflt                               0x0800497c   Section       48  fflt_clz.o(x$fpl$fflt)
    x$fpl$ffltu                              0x080049ac   Section       38  fflt_clz.o(x$fpl$ffltu)
    x$fpl$fleqf                              0x080049d4   Section      104  fleqf.o(x$fpl$fleqf)
    x$fpl$fnaninf                            0x08004a3c   Section      140  fnaninf.o(x$fpl$fnaninf)
    x$fpl$fretinf                            0x08004ac8   Section       10  fretinf.o(x$fpl$fretinf)
    x$fpl$frleqf                             0x08004ad2   Section       98  frleqf.o(x$fpl$frleqf)
    x$fpl$printf1                            0x08004b34   Section        4  printf1.o(x$fpl$printf1)
    .constdata                               0x08004b38   Section     4652  fontmaker.o(.constdata)
    x$fpl$usenofp                            0x08004b38   Section        0  usenofp.o(x$fpl$usenofp)
    .constdata                               0x08005d64   Section      148  bigflt0.o(.constdata)
    tenpwrs_x                                0x08005d64   Data          60  bigflt0.o(.constdata)
    tenpwrs_i                                0x08005da0   Data          64  bigflt0.o(.constdata)
    locale$$data                             0x08005e18   Section       28  lc_numeric_c.o(locale$$data)
    __lcnum_c_name                           0x08005e1c   Data           2  lc_numeric_c.o(locale$$data)
    __lcnum_c_start                          0x08005e24   Data           0  lc_numeric_c.o(locale$$data)
    __lcnum_c_point                          0x08005e30   Data           0  lc_numeric_c.o(locale$$data)
    __lcnum_c_thousands                      0x08005e32   Data           0  lc_numeric_c.o(locale$$data)
    __lcnum_c_grouping                       0x08005e33   Data           0  lc_numeric_c.o(locale$$data)
    __lcnum_c_end                            0x08005e34   Data           0  lc_numeric_c.o(locale$$data)
    .data                                    0x20000000   Section       17  main.o(.data)
    xPzemQueue                               0x20000000   Data           4  main.o(.data)
    xSPIMutex                                0x20000004   Data           4  main.o(.data)
    xDataMutex                               0x20000008   Data           4  main.o(.data)
    xButtonSem                               0x2000000c   Data           4  main.o(.data)
    buzzer_muted                             0x20000010   Data           1  main.o(.data)
    .data                                    0x20000014   Section        8  uart.o(.data)
    .data                                    0x2000001c   Section       32  pzem004t.o(.data)
    PZEM_Request                             0x2000001c   Data           8  pzem004t.o(.data)
    voltage                                  0x20000024   Data           4  pzem004t.o(.data)
    current                                  0x20000028   Data           4  pzem004t.o(.data)
    power                                    0x2000002c   Data           4  pzem004t.o(.data)
    energy                                   0x20000030   Data           4  pzem004t.o(.data)
    freq                                     0x20000034   Data           4  pzem004t.o(.data)
    pf                                       0x20000038   Data           4  pzem004t.o(.data)
    .data                                    0x2000003c   Section        4  spi.o(.data)
    .data                                    0x20000040   Section        4  buzzer.o(.data)
    prd                                      0x20000040   Data           2  buzzer.o(.data)
    prsclr                                   0x20000042   Data           2  buzzer.o(.data)
    .data                                    0x20000044   Section        4  graphic.o(.data)
    .data                                    0x20000048   Section        1  clib_arm.o(.data)
    os_kernel_active                         0x20000048   Data           1  clib_arm.o(.data)
    .data                                    0x20000049   Section       20  stm32f10x_rcc.o(.data)
    APBAHBPrescTable                         0x20000049   Data          16  stm32f10x_rcc.o(.data)
    ADCPrescTable                            0x20000059   Data           4  stm32f10x_rcc.o(.data)
    .data                                    0x20000060   Section       20  system_stm32f10x.o(.data)
    .data                                    0x20000074   Section       32  heap_4.o(.data)
    xStart                                   0x20000074   Data           8  heap_4.o(.data)
    pxEnd                                    0x2000007c   Data           4  heap_4.o(.data)
    xFreeBytesRemaining                      0x20000080   Data           4  heap_4.o(.data)
    xMinimumEverFreeBytesRemaining           0x20000084   Data           4  heap_4.o(.data)
    xNumberOfSuccessfulAllocations           0x20000088   Data           4  heap_4.o(.data)
    xNumberOfSuccessfulFrees                 0x2000008c   Data           4  heap_4.o(.data)
    xBlockAllocatedBit                       0x20000090   Data           4  heap_4.o(.data)
    .data                                    0x20000094   Section        4  port.o(.data)
    uxCriticalNesting                        0x20000094   Data           4  port.o(.data)
    .data                                    0x20000098   Section       60  tasks.o(.data)
    pxDelayedTaskList                        0x2000009c   Data           4  tasks.o(.data)
    pxOverflowDelayedTaskList                0x200000a0   Data           4  tasks.o(.data)
    uxDeletedTasksWaitingCleanUp             0x200000a4   Data           4  tasks.o(.data)
    uxCurrentNumberOfTasks                   0x200000a8   Data           4  tasks.o(.data)
    xTickCount                               0x200000ac   Data           4  tasks.o(.data)
    uxTopReadyPriority                       0x200000b0   Data           4  tasks.o(.data)
    xSchedulerRunning                        0x200000b4   Data           4  tasks.o(.data)
    xPendedTicks                             0x200000b8   Data           4  tasks.o(.data)
    xYieldPending                            0x200000bc   Data           4  tasks.o(.data)
    xNumOfOverflows                          0x200000c0   Data           4  tasks.o(.data)
    uxTaskNumber                             0x200000c4   Data           4  tasks.o(.data)
    xNextTaskUnblockTime                     0x200000c8   Data           4  tasks.o(.data)
    xIdleTaskHandle                          0x200000cc   Data           4  tasks.o(.data)
    uxSchedulerSuspended                     0x200000d0   Data           4  tasks.o(.data)
    .data                                    0x200000d4   Section       20  timers.o(.data)
    pxCurrentTimerList                       0x200000d4   Data           4  timers.o(.data)
    pxOverflowTimerList                      0x200000d8   Data           4  timers.o(.data)
    xTimerQueue                              0x200000dc   Data           4  timers.o(.data)
    xTimerTaskHandle                         0x200000e0   Data           4  timers.o(.data)
    xLastTime                                0x200000e4   Data           4  timers.o(.data)
    .bss                                     0x200000e8   Section       24  main.o(.bss)
    gPzemData                                0x200000e8   Data          24  main.o(.bss)
    .bss                                     0x20000100   Section       25  pzem004t.o(.bss)
    PZEM_Response                            0x20000100   Data          25  pzem004t.o(.bss)
    .bss                                     0x2000011c   Section      916  clib_arm.o(.bss)
    os_libspace                              0x2000011c   Data         480  clib_arm.o(.bss)
    os_libspace_id                           0x200002fc   Data          16  clib_arm.o(.bss)
    clib_mutex_cb                            0x2000030c   Data         400  clib_arm.o(.bss)
    clib_mutex_id                            0x2000049c   Data          20  clib_arm.o(.bss)
    .bss                                     0x200004b0   Section     1016  cmsis_os2.o(.bss)
    Idle_TCB                                 0x200004b0   Data          92  cmsis_os2.o(.bss)
    Idle_Stack                               0x2000050c   Data         512  cmsis_os2.o(.bss)
    Timer_TCB                                0x2000070c   Data          92  cmsis_os2.o(.bss)
    Timer_Stack                              0x20000768   Data         320  cmsis_os2.o(.bss)
    .bss                                     0x200008a8   Section     8192  heap_4.o(.bss)
    ucHeap                                   0x200008a8   Data        8192  heap_4.o(.bss)
    .bss                                     0x200028a8   Section     1220  tasks.o(.bss)
    pxReadyTasksLists                        0x200028a8   Data        1120  tasks.o(.bss)
    xDelayedTaskList1                        0x20002d08   Data          20  tasks.o(.bss)
    xDelayedTaskList2                        0x20002d1c   Data          20  tasks.o(.bss)
    xPendingReadyList                        0x20002d30   Data          20  tasks.o(.bss)
    xTasksWaitingTermination                 0x20002d44   Data          20  tasks.o(.bss)
    xSuspendedTaskList                       0x20002d58   Data          20  tasks.o(.bss)
    .bss                                     0x20002d6c   Section      200  timers.o(.bss)
    xActiveTimerList1                        0x20002d6c   Data          20  timers.o(.bss)
    xActiveTimerList2                        0x20002d80   Data          20  timers.o(.bss)
    xStaticTimerQueue                        0x20002d94   Data          80  timers.o(.bss)
    ucStaticTimerQueueStorage                0x20002de4   Data          80  timers.o(.bss)
    .bss                                     0x20002e34   Section       96  libspace.o(.bss)
    HEAP                                     0x20002e98   Section      512  startup_stm32f10x_md.o(HEAP)
    Heap_Mem                                 0x20002e98   Data         512  startup_stm32f10x_md.o(HEAP)
    STACK                                    0x20003098   Section     1024  startup_stm32f10x_md.o(STACK)
    Stack_Mem                                0x20003098   Data        1024  startup_stm32f10x_md.o(STACK)
    __initial_sp                             0x20003498   Data           0  startup_stm32f10x_md.o(STACK)

    Global Symbols

    Symbol Name                              Value     Ov Type        Size  Object(Section)

    BuildAttributes$$THM_ISAv4$P$D$K$B$S$PE$A:L22UL41UL21$X:L11$S22US41US21$IEEE1$IW$USESV6$~STKCKD$USESV7$~SHL$OTIME$ROPI$IEEEJ$EBA8$UX$STANDARDLIB$REQ8$PRES8$EABIv2 0x00000000   Number         0  anon$$obj.o ABSOLUTE
    __ARM_use_no_argv                        0x00000000   Number         0  main.o ABSOLUTE
    _printf_flags                            0x00000000   Number         0  printf_stubs.o ABSOLUTE
    _printf_return_value                     0x00000000   Number         0  printf_stubs.o ABSOLUTE
    _printf_sizespec                         0x00000000   Number         0  printf_stubs.o ABSOLUTE
    _printf_widthprec                        0x00000000   Number         0  printf_stubs.o ABSOLUTE
    __ARM_exceptions_init                     - Undefined Weak Reference
    __alloca_initialize                       - Undefined Weak Reference
    __arm_preinit_                            - Undefined Weak Reference
    __cpp_initialize__aeabi_                  - Undefined Weak Reference
    __cxa_finalize                            - Undefined Weak Reference
    __sigvec_lookup                           - Undefined Weak Reference
    _atexit_init                              - Undefined Weak Reference
    _call_atexit_fns                          - Undefined Weak Reference
    _clock_init                               - Undefined Weak Reference
    _fp_trap_init                             - Undefined Weak Reference
    _fp_trap_shutdown                         - Undefined Weak Reference
    _get_lc_collate                           - Undefined Weak Reference
    _get_lc_ctype                             - Undefined Weak Reference
    _get_lc_monetary                          - Undefined Weak Reference
    _get_lc_time                              - Undefined Weak Reference
    _getenv_init                              - Undefined Weak Reference
    _handle_redirection                       - Undefined Weak Reference
    _init_alloc                               - Undefined Weak Reference
    _init_user_alloc                          - Undefined Weak Reference
    _initio                                   - Undefined Weak Reference
    _printf_post_padding                      - Undefined Weak Reference
    _printf_pre_padding                       - Undefined Weak Reference
    _rand_init                                - Undefined Weak Reference
    _signal_finish                            - Undefined Weak Reference
    _signal_init                              - Undefined Weak Reference
    _terminate_alloc                          - Undefined Weak Reference
    _terminate_user_alloc                     - Undefined Weak Reference
    _terminateio                              - Undefined Weak Reference
    __Vectors_Size                           0x000000ec   Number         0  startup_stm32f10x_md.o ABSOLUTE
    __Vectors                                0x08000000   Data           4  startup_stm32f10x_md.o(RESET)
    __Vectors_End                            0x080000ec   Data           0  startup_stm32f10x_md.o(RESET)
    __main                                   0x080000ed   Thumb Code     8  __main.o(!!!main)
    __scatterload                            0x080000f5   Thumb Code     0  __scatter.o(!!!scatter)
    __scatterload_rt2                        0x080000f5   Thumb Code    44  __scatter.o(!!!scatter)
    __scatterload_rt2_thumb_only             0x080000f5   Thumb Code     0  __scatter.o(!!!scatter)
    __scatterload_null                       0x08000103   Thumb Code     0  __scatter.o(!!!scatter)
    __scatterload_copy                       0x08000129   Thumb Code    26  __scatter_copy.o(!!handler_copy)
    __scatterload_zeroinit                   0x08000145   Thumb Code    28  __scatter_zi.o(!!handler_zi)
    _printf_f                                0x08000161   Thumb Code     0  _printf_f.o(.ARM.Collect$$_printf_percent$$00000003)
    _printf_percent                          0x08000161   Thumb Code     0  _printf_percent.o(.ARM.Collect$$_printf_percent$$00000000)
    _printf_percent_end                      0x08000167   Thumb Code     0  _printf_percent_end.o(.ARM.Collect$$_printf_percent$$00000017)
    __rt_lib_init                            0x0800016b   Thumb Code     0  libinit.o(.ARM.Collect$$libinit$$00000000)
    __rt_lib_init_fp_1                       0x0800016d   Thumb Code     0  libinit2.o(.ARM.Collect$$libinit$$00000002)
    __rt_lib_init_heap_1                     0x0800016d   Thumb Code     0  libinit2.o(.ARM.Collect$$libinit$$0000000A)
    __rt_lib_init_lc_common                  0x0800016d   Thumb Code     0  libinit2.o(.ARM.Collect$$libinit$$0000000F)
    __rt_lib_init_preinit_1                  0x0800016d   Thumb Code     0  libinit2.o(.ARM.Collect$$libinit$$00000004)
    __rt_lib_init_rand_1                     0x0800016d   Thumb Code     0  libinit2.o(.ARM.Collect$$libinit$$0000000E)
    __rt_lib_init_user_alloc_1               0x0800016d   Thumb Code     0  libinit2.o(.ARM.Collect$$libinit$$0000000C)
    __rt_lib_init_lc_collate_1               0x08000173   Thumb Code     0  libinit2.o(.ARM.Collect$$libinit$$00000011)
    __rt_lib_init_lc_ctype_1                 0x08000173   Thumb Code     0  libinit2.o(.ARM.Collect$$libinit$$00000013)
    __rt_lib_init_lc_monetary_1              0x08000173   Thumb Code     0  libinit2.o(.ARM.Collect$$libinit$$00000015)
    __rt_lib_init_lc_numeric_2               0x08000173   Thumb Code     0  libinit2.o(.ARM.Collect$$libinit$$00000016)
    __rt_lib_init_alloca_1                   0x0800017d   Thumb Code     0  libinit2.o(.ARM.Collect$$libinit$$0000002E)
    __rt_lib_init_argv_1                     0x0800017d   Thumb Code     0  libinit2.o(.ARM.Collect$$libinit$$0000002C)
    __rt_lib_init_atexit_1                   0x0800017d   Thumb Code     0  libinit2.o(.ARM.Collect$$libinit$$0000001B)
    __rt_lib_init_clock_1                    0x0800017d   Thumb Code     0  libinit2.o(.ARM.Collect$$libinit$$00000021)
    __rt_lib_init_cpp_1                      0x0800017d   Thumb Code     0  libinit2.o(.ARM.Collect$$libinit$$00000032)
    __rt_lib_init_exceptions_1               0x0800017d   Thumb Code     0  libinit2.o(.ARM.Collect$$libinit$$00000030)
    __rt_lib_init_fp_trap_1                  0x0800017d   Thumb Code     0  libinit2.o(.ARM.Collect$$libinit$$0000001F)
    __rt_lib_init_getenv_1                   0x0800017d   Thumb Code     0  libinit2.o(.ARM.Collect$$libinit$$00000023)
    __rt_lib_init_lc_numeric_1               0x0800017d   Thumb Code     0  libinit2.o(.ARM.Collect$$libinit$$00000017)
    __rt_lib_init_lc_time_1                  0x0800017d   Thumb Code     0  libinit2.o(.ARM.Collect$$libinit$$00000019)
    __rt_lib_init_return                     0x0800017d   Thumb Code     0  libinit2.o(.ARM.Collect$$libinit$$00000033)
    __rt_lib_init_signal_1                   0x0800017d   Thumb Code     0  libinit2.o(.ARM.Collect$$libinit$$0000001D)
    __rt_lib_init_stdio_1                    0x0800017d   Thumb Code     0  libinit2.o(.ARM.Collect$$libinit$$00000025)
    __rt_lib_shutdown                        0x0800017f   Thumb Code     0  libshutdown.o(.ARM.Collect$$libshutdown$$00000000)
    __rt_lib_shutdown_cpp_1                  0x08000181   Thumb Code     0  libshutdown2.o(.ARM.Collect$$libshutdown$$00000002)
    __rt_lib_shutdown_fp_trap_1              0x08000181   Thumb Code     0  libshutdown2.o(.ARM.Collect$$libshutdown$$00000007)
    __rt_lib_shutdown_heap_1                 0x08000181   Thumb Code     0  libshutdown2.o(.ARM.Collect$$libshutdown$$0000000F)
    __rt_lib_shutdown_return                 0x08000181   Thumb Code     0  libshutdown2.o(.ARM.Collect$$libshutdown$$00000010)
    __rt_lib_shutdown_signal_1               0x08000181   Thumb Code     0  libshutdown2.o(.ARM.Collect$$libshutdown$$0000000A)
    __rt_lib_shutdown_stdio_1                0x08000181   Thumb Code     0  libshutdown2.o(.ARM.Collect$$libshutdown$$00000004)
    __rt_lib_shutdown_user_alloc_1           0x08000181   Thumb Code     0  libshutdown2.o(.ARM.Collect$$libshutdown$$0000000C)
    __rt_entry                               0x08000183   Thumb Code     0  __rtentry.o(.ARM.Collect$$rtentry$$00000000)
    __rt_entry_presh_1                       0x08000183   Thumb Code     0  __rtentry2.o(.ARM.Collect$$rtentry$$00000002)
    __rt_entry_sh                            0x08000183   Thumb Code     0  __rtentry4.o(.ARM.Collect$$rtentry$$00000004)
    __rt_entry_postsh_1                      0x08000189   Thumb Code     0  __rtentry2.o(.ARM.Collect$$rtentry$$00000008)
    __rt_entry_li                            0x08000191   Thumb Code     0  __rtentry2.o(.ARM.Collect$$rtentry$$0000000A)
    __rt_entry_main                          0x08000195   Thumb Code     0  __rtentry2.o(.ARM.Collect$$rtentry$$0000000D)
    __rt_entry_postli_1                      0x08000195   Thumb Code     0  __rtentry2.o(.ARM.Collect$$rtentry$$0000000C)
    __rt_exit                                0x0800019d   Thumb Code     0  rtexit.o(.ARM.Collect$$rtexit$$00000000)
    __rt_exit_ls                             0x0800019f   Thumb Code     0  rtexit2.o(.ARM.Collect$$rtexit$$00000003)
    __rt_exit_prels_1                        0x0800019f   Thumb Code     0  rtexit2.o(.ARM.Collect$$rtexit$$00000002)
    __rt_exit_exit                           0x080001a3   Thumb Code     0  rtexit2.o(.ARM.Collect$$rtexit$$00000004)
    SVC_Handler                              0x080001a9   Thumb Code    32  port.o(.emb_text)
    __asm___6_port_c_39a90d8d__prvStartFirstTask 0x080001cd   Thumb Code    28  port.o(.emb_text)
    PendSV_Handler                           0x080001ed   Thumb Code    72  port.o(.emb_text)
    vPortGetIPSR                             0x08000239   Thumb Code     6  port.o(.emb_text)
    Reset_Handler                            0x08000241   Thumb Code     8  startup_stm32f10x_md.o(.text)
    NMI_Handler                              0x08000249   Thumb Code     2  startup_stm32f10x_md.o(.text)
    HardFault_Handler                        0x0800024b   Thumb Code     2  startup_stm32f10x_md.o(.text)
    MemManage_Handler                        0x0800024d   Thumb Code     2  startup_stm32f10x_md.o(.text)
    BusFault_Handler                         0x0800024f   Thumb Code     2  startup_stm32f10x_md.o(.text)
    UsageFault_Handler                       0x08000251   Thumb Code     2  startup_stm32f10x_md.o(.text)
    DebugMon_Handler                         0x08000255   Thumb Code     2  startup_stm32f10x_md.o(.text)
    ADC1_2_IRQHandler                        0x0800025b   Thumb Code     0  startup_stm32f10x_md.o(.text)
    CAN1_RX1_IRQHandler                      0x0800025b   Thumb Code     0  startup_stm32f10x_md.o(.text)
    CAN1_SCE_IRQHandler                      0x0800025b   Thumb Code     0  startup_stm32f10x_md.o(.text)
    DMA1_Channel1_IRQHandler                 0x0800025b   Thumb Code     0  startup_stm32f10x_md.o(.text)
    DMA1_Channel2_IRQHandler                 0x0800025b   Thumb Code     0  startup_stm32f10x_md.o(.text)
    DMA1_Channel3_IRQHandler                 0x0800025b   Thumb Code     0  startup_stm32f10x_md.o(.text)
    DMA1_Channel4_IRQHandler                 0x0800025b   Thumb Code     0  startup_stm32f10x_md.o(.text)
    DMA1_Channel5_IRQHandler                 0x0800025b   Thumb Code     0  startup_stm32f10x_md.o(.text)
    DMA1_Channel6_IRQHandler                 0x0800025b   Thumb Code     0  startup_stm32f10x_md.o(.text)
    DMA1_Channel7_IRQHandler                 0x0800025b   Thumb Code     0  startup_stm32f10x_md.o(.text)
    EXTI0_IRQHandler                         0x0800025b   Thumb Code     0  startup_stm32f10x_md.o(.text)
    EXTI15_10_IRQHandler                     0x0800025b   Thumb Code     0  startup_stm32f10x_md.o(.text)
    EXTI2_IRQHandler                         0x0800025b   Thumb Code     0  startup_stm32f10x_md.o(.text)
    EXTI3_IRQHandler                         0x0800025b   Thumb Code     0  startup_stm32f10x_md.o(.text)
    EXTI4_IRQHandler                         0x0800025b   Thumb Code     0  startup_stm32f10x_md.o(.text)
    EXTI9_5_IRQHandler                       0x0800025b   Thumb Code     0  startup_stm32f10x_md.o(.text)
    FLASH_IRQHandler                         0x0800025b   Thumb Code     0  startup_stm32f10x_md.o(.text)
    I2C1_ER_IRQHandler                       0x0800025b   Thumb Code     0  startup_stm32f10x_md.o(.text)
    I2C1_EV_IRQHandler                       0x0800025b   Thumb Code     0  startup_stm32f10x_md.o(.text)
    I2C2_ER_IRQHandler                       0x0800025b   Thumb Code     0  startup_stm32f10x_md.o(.text)
    I2C2_EV_IRQHandler                       0x0800025b   Thumb Code     0  startup_stm32f10x_md.o(.text)
    PVD_IRQHandler                           0x0800025b   Thumb Code     0  startup_stm32f10x_md.o(.text)
    RCC_IRQHandler                           0x0800025b   Thumb Code     0  startup_stm32f10x_md.o(.text)
    RTCAlarm_IRQHandler                      0x0800025b   Thumb Code     0  startup_stm32f10x_md.o(.text)
    RTC_IRQHandler                           0x0800025b   Thumb Code     0  startup_stm32f10x_md.o(.text)
    SPI1_IRQHandler                          0x0800025b   Thumb Code     0  startup_stm32f10x_md.o(.text)
    SPI2_IRQHandler                          0x0800025b   Thumb Code     0  startup_stm32f10x_md.o(.text)
    TAMPER_IRQHandler                        0x0800025b   Thumb Code     0  startup_stm32f10x_md.o(.text)
    TIM1_BRK_IRQHandler                      0x0800025b   Thumb Code     0  startup_stm32f10x_md.o(.text)
    TIM1_CC_IRQHandler                       0x0800025b   Thumb Code     0  startup_stm32f10x_md.o(.text)
    TIM1_TRG_COM_IRQHandler                  0x0800025b   Thumb Code     0  startup_stm32f10x_md.o(.text)
    TIM1_UP_IRQHandler                       0x0800025b   Thumb Code     0  startup_stm32f10x_md.o(.text)
    TIM2_IRQHandler                          0x0800025b   Thumb Code     0  startup_stm32f10x_md.o(.text)
    TIM3_IRQHandler                          0x0800025b   Thumb Code     0  startup_stm32f10x_md.o(.text)
    TIM4_IRQHandler                          0x0800025b   Thumb Code     0  startup_stm32f10x_md.o(.text)
    USART1_IRQHandler                        0x0800025b   Thumb Code     0  startup_stm32f10x_md.o(.text)
    USART2_IRQHandler                        0x0800025b   Thumb Code     0  startup_stm32f10x_md.o(.text)
    USART3_IRQHandler                        0x0800025b   Thumb Code     0  startup_stm32f10x_md.o(.text)
    USBWakeUp_IRQHandler                     0x0800025b   Thumb Code     0  startup_stm32f10x_md.o(.text)
    USB_HP_CAN1_TX_IRQHandler                0x0800025b   Thumb Code     0  startup_stm32f10x_md.o(.text)
    USB_LP_CAN1_RX0_IRQHandler               0x0800025b   Thumb Code     0  startup_stm32f10x_md.o(.text)
    WWDG_IRQHandler                          0x0800025b   Thumb Code     0  startup_stm32f10x_md.o(.text)
    __user_initial_stackheap                 0x0800025d   Thumb Code     0  startup_stm32f10x_md.o(.text)
    __2sprintf                               0x08000281   Thumb Code    34  noretval__2sprintf.o(.text)
    __printf                                 0x080002a9   Thumb Code   270  __printf_wp.o(.text)
    __aeabi_memcpy                           0x080003b7   Thumb Code     0  rt_memcpy_v6.o(.text)
    __rt_memcpy                              0x080003b7   Thumb Code   138  rt_memcpy_v6.o(.text)
    _memcpy_lastbytes                        0x0800041d   Thumb Code     0  rt_memcpy_v6.o(.text)
    __aeabi_memcpy4                          0x08000441   Thumb Code     0  rt_memcpy_w.o(.text)
    __aeabi_memcpy8                          0x08000441   Thumb Code     0  rt_memcpy_w.o(.text)
    __rt_memcpy_w                            0x08000441   Thumb Code   100  rt_memcpy_w.o(.text)
    _memcpy_lastbytes_aligned                0x08000489   Thumb Code     0  rt_memcpy_w.o(.text)
    __aeabi_memset                           0x080004a5   Thumb Code    16  aeabi_memset.o(.text)
    __use_two_region_memory                  0x080004b5   Thumb Code     2  heapauxi.o(.text)
    __rt_heap_escrow$2region                 0x080004b7   Thumb Code     2  heapauxi.o(.text)
    __rt_heap_expand$2region                 0x080004b9   Thumb Code     2  heapauxi.o(.text)
    __lib_sel_fp_printf                      0x080004bb   Thumb Code     2  _printf_fp_dec.o(.text)
    _printf_fp_dec_real                      0x0800066d   Thumb Code   620  _printf_fp_dec.o(.text)
    _printf_char_common                      0x080008e3   Thumb Code    32  _printf_char_common.o(.text)
    _sputc                                   0x08000909   Thumb Code    10  _sputc.o(.text)
    __aeabi_memclr                           0x08000913   Thumb Code     0  rt_memclr.o(.text)
    __rt_memclr                              0x08000913   Thumb Code    68  rt_memclr.o(.text)
    _memset                                  0x08000917   Thumb Code     0  rt_memclr.o(.text)
    __rt_locale                              0x08000957   Thumb Code    10  rt_locale_twolibspace.o(.text)
    _ll_udiv10                               0x08000961   Thumb Code   138  lludiv10.o(.text)
    _printf_fp_infnan                        0x080009ed   Thumb Code   112  _printf_fp_infnan.o(.text)
    _btod_etento                             0x08000a6d   Thumb Code   224  bigflt0.o(.text)
    __aeabi_memclr4                          0x08000b51   Thumb Code     0  rt_memclr_w.o(.text)
    __aeabi_memclr8                          0x08000b51   Thumb Code     0  rt_memclr_w.o(.text)
    __rt_memclr_w                            0x08000b51   Thumb Code    78  rt_memclr_w.o(.text)
    _memset_w                                0x08000b55   Thumb Code     0  rt_memclr_w.o(.text)
    __user_libspace                          0x08000ba1   Thumb Code     8  libspace.o(.text)
    __user_perproc_libspace                  0x08000ba1   Thumb Code     0  libspace.o(.text)
    __user_setup_stackheap                   0x08000ba9   Thumb Code    74  sys_stackheap_outer.o(.text)
    exit                                     0x08000bf3   Thumb Code    18  exit.o(.text)
    strcmp                                   0x08000c05   Thumb Code   128  strcmpv7m.o(.text)
    _sys_exit                                0x08000c85   Thumb Code     8  sys_exit.o(.text)
    __I$use$semihosting                      0x08000c91   Thumb Code     0  use_no_semi.o(.text)
    __use_no_semihosting_swi                 0x08000c91   Thumb Code     2  use_no_semi.o(.text)
    __semihosting_library_function           0x08000c93   Thumb Code     0  indicate_semi.o(.text)
    _btod_d2e                                0x08000c93   Thumb Code    62  btod.o(CL$$btod_d2e)
    _d2e_denorm_low                          0x08000cd1   Thumb Code    70  btod.o(CL$$btod_d2e_denorm_low)
    _d2e_norm_op1                            0x08000d17   Thumb Code    96  btod.o(CL$$btod_d2e_norm_op1)
    __btod_div_common                        0x08000d77   Thumb Code   696  btod.o(CL$$btod_div_common)
    _e2e                                     0x080010af   Thumb Code   220  btod.o(CL$$btod_e2e)
    _btod_ediv                               0x0800118b   Thumb Code    42  btod.o(CL$$btod_ediv)
    _btod_emul                               0x080011b5   Thumb Code    42  btod.o(CL$$btod_emul)
    __btod_mult_common                       0x080011df   Thumb Code   580  btod.o(CL$$btod_mult_common)
    Buzzer_GetARR                            0x08001425   Thumb Code     6  buzzer.o(i.Buzzer_GetARR)
    Buzzer_Init                              0x08001431   Thumb Code   170  buzzer.o(i.Buzzer_Init)
    Buzzer_SetFrequency                      0x080014ed   Thumb Code    34  buzzer.o(i.Buzzer_SetFrequency)
    Buzzer_Start                             0x08001521   Thumb Code    12  buzzer.o(i.Buzzer_Start)
    Buzzer_Stop                              0x08001531   Thumb Code    12  buzzer.o(i.Buzzer_Stop)
    Config_Button                            0x08001541   Thumb Code    98  uart.o(i.Config_Button)
    Config_SPI                               0x080015a9   Thumb Code   146  spi.o(i.Config_SPI)
    Config_UART                              0x08001649   Thumb Code   126  uart.o(i.Config_UART)
    DelayMs                                  0x080016d5   Thumb Code    26  spi.o(i.DelayMs)
    EXTI1_IRQHandler                         0x080016f1   Thumb Code    52  main.o(i.EXTI1_IRQHandler)
    EXTI_ClearITPendingBit                   0x0800172d   Thumb Code     6  stm32f10x_exti.o(i.EXTI_ClearITPendingBit)
    EXTI_GetITStatus                         0x08001739   Thumb Code    34  stm32f10x_exti.o(i.EXTI_GetITStatus)
    EXTI_Init                                0x08001761   Thumb Code   142  stm32f10x_exti.o(i.EXTI_Init)
    FillRect                                 0x080017f5   Thumb Code    58  st7735.o(i.FillRect)
    FontMakerPutChar                         0x08001831   Thumb Code   136  graphic.o(i.FontMakerPutChar)
    FontMakerPutString                       0x080018bd   Thumb Code    70  graphic.o(i.FontMakerPutString)
    FontMakerRead_font                       0x08001903   Thumb Code    74  fontmaker.o(i.FontMakerRead_font)
    FontMakerUTF8_GetAddr                    0x0800194d   Thumb Code   132  fontmaker.o(i.FontMakerUTF8_GetAddr)
    GPIO_EXTILineConfig                      0x080019d5   Thumb Code    60  stm32f10x_gpio.o(i.GPIO_EXTILineConfig)
    GPIO_Init                                0x08001a15   Thumb Code   278  stm32f10x_gpio.o(i.GPIO_Init)
    GPIO_ReadInputDataBit                    0x08001b2b   Thumb Code    18  stm32f10x_gpio.o(i.GPIO_ReadInputDataBit)
    GPIO_ResetBits                           0x08001b3d   Thumb Code     4  stm32f10x_gpio.o(i.GPIO_ResetBits)
    GPIO_SetBits                             0x08001b41   Thumb Code     4  stm32f10x_gpio.o(i.GPIO_SetBits)
    IOT47_GFX_connectToDriver                0x08001b45   Thumb Code     6  graphic.o(i.IOT47_GFX_connectToDriver)
    NVIC_Init                                0x08001b8d   Thumb Code   100  misc.o(i.NVIC_Init)
    PZEM_GetCurrent                          0x08001bfd   Thumb Code     6  pzem004t.o(i.PZEM_GetCurrent)
    PZEM_GetEnergy                           0x08001c09   Thumb Code     6  pzem004t.o(i.PZEM_GetEnergy)
    PZEM_GetFrequency                        0x08001c15   Thumb Code     6  pzem004t.o(i.PZEM_GetFrequency)
    PZEM_GetPF                               0x08001c21   Thumb Code     6  pzem004t.o(i.PZEM_GetPF)
    PZEM_GetPower                            0x08001c2d   Thumb Code     6  pzem004t.o(i.PZEM_GetPower)
    PZEM_GetVoltage                          0x08001c39   Thumb Code     6  pzem004t.o(i.PZEM_GetVoltage)
    PZEM_ReadAll                             0x08001c45   Thumb Code   296  pzem004t.o(i.PZEM_ReadAll)
    RCC_APB2PeriphClockCmd                   0x08001d9d   Thumb Code    26  stm32f10x_rcc.o(i.RCC_APB2PeriphClockCmd)
    RCC_GetClocksFreq                        0x08001dbd   Thumb Code   192  stm32f10x_rcc.o(i.RCC_GetClocksFreq)
    SPI1_SendByte                            0x08001e91   Thumb Code    42  spi.o(i.SPI1_SendByte)
    SPI_Cmd                                  0x08001ec1   Thumb Code    24  stm32f10x_spi.o(i.SPI_Cmd)
    SPI_I2S_GetFlagStatus                    0x08001ed9   Thumb Code    18  stm32f10x_spi.o(i.SPI_I2S_GetFlagStatus)
    SPI_I2S_SendData                         0x08001eeb   Thumb Code     4  stm32f10x_spi.o(i.SPI_I2S_SendData)
    SPI_Init                                 0x08001eef   Thumb Code    60  stm32f10x_spi.o(i.SPI_Init)
    ST7735_Clr                               0x08001f2b   Thumb Code    40  st7735.o(i.ST7735_Clr)
    ST7735_Init                              0x08001f55   Thumb Code   428  st7735.o(i.ST7735_Init)
    ST7735_Reset                             0x08002121   Thumb Code    32  st7735.o(i.ST7735_Reset)
    ST7735_SetWindow                         0x08002145   Thumb Code    90  st7735.o(i.ST7735_SetWindow)
    ST7735_WriteCMD                          0x080021a1   Thumb Code    36  st7735.o(i.ST7735_WriteCMD)
    ST7735_WriteData                         0x080021c9   Thumb Code    36  st7735.o(i.ST7735_WriteData)
    ST7735_draw                              0x080021f1   Thumb Code    18  st7735.o(i.ST7735_draw)
    ST7735_drawPixel                         0x08002203   Thumb Code    54  st7735.o(i.ST7735_drawPixel)
    SysTick_Handler                          0x08002321   Thumb Code    22  cmsis_os2.o(i.SysTick_Handler)
    SystemInit                               0x08002339   Thumb Code    78  system_stm32f10x.o(i.SystemInit)
    TIM_ARRPreloadConfig                     0x08002399   Thumb Code    24  stm32f10x_tim.o(i.TIM_ARRPreloadConfig)
    TIM_Cmd                                  0x080023b1   Thumb Code    24  stm32f10x_tim.o(i.TIM_Cmd)
    TIM_CtrlPWMOutputs                       0x080023c9   Thumb Code    30  stm32f10x_tim.o(i.TIM_CtrlPWMOutputs)
    TIM_OC1Init                              0x080023e9   Thumb Code   132  stm32f10x_tim.o(i.TIM_OC1Init)
    TIM_OCStructInit                         0x08002481   Thumb Code    20  stm32f10x_tim.o(i.TIM_OCStructInit)
    TIM_SetCompare1                          0x08002495   Thumb Code     4  stm32f10x_tim.o(i.TIM_SetCompare1)
    TIM_TimeBaseInit                         0x08002499   Thumb Code   122  stm32f10x_tim.o(i.TIM_TimeBaseInit)
    Task_Alert                               0x0800253d   Thumb Code   230  main.o(i.Task_Alert)
    Task_ButtonHandler                       0x0800264d   Thumb Code   144  main.o(i.Task_ButtonHandler)
    Task_Display                             0x08002701   Thumb Code   346  main.o(i.Task_Display)
    Task_PZEM                                0x080028b9   Thumb Code   112  main.o(i.Task_PZEM)
    UART_ReceiveByte                         0x08002935   Thumb Code    40  uart.o(i.UART_ReceiveByte)
    UART_SendArray                           0x08002961   Thumb Code    34  uart.o(i.UART_SendArray)
    UART_SendByte                            0x08002983   Thumb Code    30  uart.o(i.UART_SendByte)
    USART_Cmd                                0x080029a1   Thumb Code    24  stm32f10x_usart.o(i.USART_Cmd)
    USART_GetFlagStatus                      0x080029b9   Thumb Code    26  stm32f10x_usart.o(i.USART_GetFlagStatus)
    USART_Init                               0x080029d5   Thumb Code   210  stm32f10x_usart.o(i.USART_Init)
    USART_ReceiveData                        0x08002aad   Thumb Code    10  stm32f10x_usart.o(i.USART_ReceiveData)
    USART_SendData                           0x08002ab7   Thumb Code     8  stm32f10x_usart.o(i.USART_SendData)
    __ARM_fpclassify                         0x08002abf   Thumb Code    40  fpclassify.o(i.__ARM_fpclassify)
    _is_digit                                0x08002ae7   Thumb Code    14  __printf_wp.o(i._is_digit)
    _mutex_acquire                           0x08002af5   Thumb Code    22  clib_arm.o(i._mutex_acquire)
    _mutex_free                              0x08002b0d   Thumb Code    46  clib_arm.o(i._mutex_free)
    _mutex_initialize                        0x08002b41   Thumb Code    86  clib_arm.o(i._mutex_initialize)
    _mutex_release                           0x08002ba1   Thumb Code    24  clib_arm.o(i._mutex_release)
    _platform_post_stackheap_init            0x08002bb9   Thumb Code     2  clib_arm.o(i._platform_post_stackheap_init)
    main                                     0x08002bbd   Thumb Code   210  main.o(i.main)
    pvPortMalloc                             0x08003649   Thumb Code   198  heap_4.o(i.pvPortMalloc)
    pvTaskIncrementMutexHeldCount            0x08003729   Thumb Code    26  tasks.o(i.pvTaskIncrementMutexHeldCount)
    pxPortInitialiseStack                    0x08003749   Thumb Code    30  port.o(i.pxPortInitialiseStack)
    uxListRemove                             0x0800376d   Thumb Code    40  list.o(i.uxListRemove)
    vApplicationGetIdleTaskMemory            0x08003795   Thumb Code    14  cmsis_os2.o(i.vApplicationGetIdleTaskMemory)
    vApplicationGetTimerTaskMemory           0x080037ad   Thumb Code    14  cmsis_os2.o(i.vApplicationGetTimerTaskMemory)
    vApplicationStackOverflowHook            0x080037c5   Thumb Code     2  cmsis_os2.o(i.vApplicationStackOverflowHook)
    vListInitialise                          0x080037c7   Thumb Code    26  list.o(i.vListInitialise)
    vListInitialiseItem                      0x080037e1   Thumb Code     6  list.o(i.vListInitialiseItem)
    vListInsert                              0x080037e7   Thumb Code    52  list.o(i.vListInsert)
    vListInsertEnd                           0x0800381b   Thumb Code    24  list.o(i.vListInsertEnd)
    vPortEnterCritical                       0x08003835   Thumb Code    30  port.o(i.vPortEnterCritical)
    vPortExitCritical                        0x08003859   Thumb Code    28  port.o(i.vPortExitCritical)
    vPortFree                                0x08003879   Thumb Code    74  heap_4.o(i.vPortFree)
    vPortSetupTimerInterrupt                 0x080038d1   Thumb Code    36  port.o(i.vPortSetupTimerInterrupt)
    vQueueDelete                             0x080038f9   Thumb Code    20  queue.o(i.vQueueDelete)
    vQueueWaitForMessageRestricted           0x0800390d   Thumb Code    74  queue.o(i.vQueueWaitForMessageRestricted)
    vTaskDelay                               0x08003959   Thumb Code    46  tasks.o(i.vTaskDelay)
    vTaskInternalSetTimeOutState             0x0800398d   Thumb Code    14  tasks.o(i.vTaskInternalSetTimeOutState)
    vTaskMissedYield                         0x080039a5   Thumb Code     8  tasks.o(i.vTaskMissedYield)
    vTaskPlaceOnEventList                    0x080039b1   Thumb Code    28  tasks.o(i.vTaskPlaceOnEventList)
    vTaskPlaceOnEventListRestricted          0x080039d1   Thumb Code    36  tasks.o(i.vTaskPlaceOnEventListRestricted)
    vTaskPriorityDisinheritAfterTimeout      0x080039f9   Thumb Code   130  tasks.o(i.vTaskPriorityDisinheritAfterTimeout)
    vTaskStartScheduler                      0x08003a85   Thumb Code   120  tasks.o(i.vTaskStartScheduler)
    vTaskSuspendAll                          0x08003b19   Thumb Code    12  tasks.o(i.vTaskSuspendAll)
    vTaskSwitchContext                       0x08003b29   Thumb Code   154  tasks.o(i.vTaskSwitchContext)
    xPortStartScheduler                      0x08003bd9   Thumb Code    42  port.o(i.xPortStartScheduler)
    xPortSysTickHandler                      0x08003c0d   Thumb Code    46  port.o(i.xPortSysTickHandler)
    xQueueCreateMutex                        0x08003c41   Thumb Code    34  queue.o(i.xQueueCreateMutex)
    xQueueCreateMutexStatic                  0x08003c63   Thumb Code    42  queue.o(i.xQueueCreateMutexStatic)
    xQueueGenericCreate                      0x08003c8d   Thumb Code    58  queue.o(i.xQueueGenericCreate)
    xQueueGenericCreateStatic                0x08003cc7   Thumb Code    46  queue.o(i.xQueueGenericCreateStatic)
    xQueueGenericReset                       0x08003cf5   Thumb Code   122  queue.o(i.xQueueGenericReset)
    xQueueGenericSend                        0x08003d75   Thumb Code   276  queue.o(i.xQueueGenericSend)
    xQueueGenericSendFromISR                 0x08003e8d   Thumb Code   138  queue.o(i.xQueueGenericSendFromISR)
    xQueueGiveFromISR                        0x08003f17   Thumb Code   120  queue.o(i.xQueueGiveFromISR)
    xQueueReceive                            0x08003f91   Thumb Code   256  queue.o(i.xQueueReceive)
    xQueueSemaphoreTake                      0x08004095   Thumb Code   300  queue.o(i.xQueueSemaphoreTake)
    xTaskCheckForTimeOut                     0x080041c5   Thumb Code    84  tasks.o(i.xTaskCheckForTimeOut)
    xTaskCreate                              0x08004221   Thumb Code   100  tasks.o(i.xTaskCreate)
    xTaskCreateStatic                        0x08004285   Thumb Code    78  tasks.o(i.xTaskCreateStatic)
    xTaskGetSchedulerState                   0x080042d5   Thumb Code    24  tasks.o(i.xTaskGetSchedulerState)
    xTaskGetTickCount                        0x080042f5   Thumb Code     6  tasks.o(i.xTaskGetTickCount)
    xTaskIncrementTick                       0x08004301   Thumb Code   236  tasks.o(i.xTaskIncrementTick)
    xTaskPriorityDisinherit                  0x08004419   Thumb Code    86  tasks.o(i.xTaskPriorityDisinherit)
    xTaskPriorityInherit                     0x08004479   Thumb Code   150  tasks.o(i.xTaskPriorityInherit)
    xTaskRemoveFromEventList                 0x0800451d   Thumb Code   102  tasks.o(i.xTaskRemoveFromEventList)
    xTaskResumeAll                           0x0800459d   Thumb Code   194  tasks.o(i.xTaskResumeAll)
    xTimerCreateTimerTask                    0x08004685   Thumb Code    76  timers.o(i.xTimerCreateTimerTask)
    xTimerGenericCommand                     0x080046e5   Thumb Code   104  timers.o(i.xTimerGenericCommand)
    _get_lc_numeric                          0x08004751   Thumb Code    44  lc_numeric_c.o(locale$$code)
    __fpl_dretinf                            0x0800477d   Thumb Code    12  dretinf.o(x$fpl$dretinf)
    __aeabi_f2d                              0x08004789   Thumb Code     0  f2d.o(x$fpl$f2d)
    _f2d                                     0x08004789   Thumb Code    86  f2d.o(x$fpl$f2d)
    __fpl_fcmp_Inf                           0x080047df   Thumb Code    24  fcmpi.o(x$fpl$fcmpinf)
    __aeabi_fdiv                             0x080047f9   Thumb Code     0  fdiv.o(x$fpl$fdiv)
    _fdiv                                    0x080047f9   Thumb Code   384  fdiv.o(x$fpl$fdiv)
    __aeabi_i2f                              0x0800497d   Thumb Code     0  fflt_clz.o(x$fpl$fflt)
    _fflt                                    0x0800497d   Thumb Code    48  fflt_clz.o(x$fpl$fflt)
    __aeabi_ui2f                             0x080049ad   Thumb Code     0  fflt_clz.o(x$fpl$ffltu)
    _ffltu                                   0x080049ad   Thumb Code    38  fflt_clz.o(x$fpl$ffltu)
    __aeabi_cfcmple                          0x080049d5   Thumb Code     0  fleqf.o(x$fpl$fleqf)
    _fcmple                                  0x080049d5   Thumb Code   104  fleqf.o(x$fpl$fleqf)
    __fpl_fcmple_InfNaN                      0x08004a27   Thumb Code     0  fleqf.o(x$fpl$fleqf)
    __fpl_fnaninf                            0x08004a3d   Thumb Code   140  fnaninf.o(x$fpl$fnaninf)
    __fpl_fretinf                            0x08004ac9   Thumb Code    10  fretinf.o(x$fpl$fretinf)
    __aeabi_cfrcmple                         0x08004ad3   Thumb Code     0  frleqf.o(x$fpl$frleqf)
    _frcmple                                 0x08004ad3   Thumb Code    98  frleqf.o(x$fpl$frleqf)
    _printf_fp_dec                           0x08004b35   Thumb Code     4  printf1.o(x$fpl$printf1)
    Microsoft_Sans_Serif26917_MAP            0x08004b38   Data         472  fontmaker.o(.constdata)
    __I$use$fp                               0x08004b38   Number         0  usenofp.o(x$fpl$usenofp)
    Microsoft_Sans_Serif26917                0x08004d10   Data        3225  fontmaker.o(.constdata)
    FontDemo1                                0x080059ac   Data           8  fontmaker.o(.constdata)
    FontMaker_UTF8_table                     0x080059b4   Data         944  fontmaker.o(.constdata)
    Region$$Table$$Base                      0x08005df8   Number         0  anon$$obj.o(Region$$Table)
    Region$$Table$$Limit                     0x08005e18   Number         0  anon$$obj.o(Region$$Table)
    xUARTMutex                               0x20000014   Data           4  uart.o(.data)
    __stdout                                 0x20000018   Data           4  uart.o(.data)
    xSPIMutex                                0x2000003c   Data           4  spi.o(.data)
    set_px                                   0x20000044   Data           4  graphic.o(.data)
    SystemCoreClock                          0x20000060   Data           4  system_stm32f10x.o(.data)
    AHBPrescTable                            0x20000064   Data          16  system_stm32f10x.o(.data)
    pxCurrentTCB                             0x20000098   Data           4  tasks.o(.data)
    __libspace_start                         0x20002e34   Data          96  libspace.o(.bss)
    __temporary_stack_top$libspace           0x20002e94   Data           0  libspace.o(.bss)



==============================================================================

Memory Map of the image

  Image Entry point : 0x080000ed

  Load Region LR_IROM1 (Base: 0x08000000, Size: 0x00005f1c, Max: 0x00010000, ABSOLUTE)

    Execution Region ER_IROM1 (Exec base: 0x08000000, Load base: 0x08000000, Size: 0x00005e34, Max: 0x00010000, ABSOLUTE)

    Exec Addr    Load Addr    Size         Type   Attr      Idx    E Section Name        Object

    0x08000000   0x08000000   0x000000ec   Data   RO         3073    RESET               startup_stm32f10x_md.o
    0x080000ec   0x080000ec   0x00000008   Code   RO         4306  * !!!main             c_w.l(__main.o)
    0x080000f4   0x080000f4   0x00000034   Code   RO         4552    !!!scatter          c_w.l(__scatter.o)
    0x08000128   0x08000128   0x0000001a   Code   RO         4554    !!handler_copy      c_w.l(__scatter_copy.o)
    0x08000142   0x08000142   0x00000002   PAD
    0x08000144   0x08000144   0x0000001c   Code   RO         4556    !!handler_zi        c_w.l(__scatter_zi.o)
    0x08000160   0x08000160   0x00000000   Code   RO         4297    .ARM.Collect$$_printf_percent$$00000000  c_w.l(_printf_percent.o)
    0x08000160   0x08000160   0x00000006   Code   RO         4296    .ARM.Collect$$_printf_percent$$00000003  c_w.l(_printf_f.o)
    0x08000166   0x08000166   0x00000004   Code   RO         4337    .ARM.Collect$$_printf_percent$$00000017  c_w.l(_printf_percent_end.o)
    0x0800016a   0x0800016a   0x00000002   Code   RO         4425    .ARM.Collect$$libinit$$00000000  c_w.l(libinit.o)
    0x0800016c   0x0800016c   0x00000000   Code   RO         4427    .ARM.Collect$$libinit$$00000002  c_w.l(libinit2.o)
    0x0800016c   0x0800016c   0x00000000   Code   RO         4429    .ARM.Collect$$libinit$$00000004  c_w.l(libinit2.o)
    0x0800016c   0x0800016c   0x00000000   Code   RO         4432    .ARM.Collect$$libinit$$0000000A  c_w.l(libinit2.o)
    0x0800016c   0x0800016c   0x00000000   Code   RO         4434    .ARM.Collect$$libinit$$0000000C  c_w.l(libinit2.o)
    0x0800016c   0x0800016c   0x00000000   Code   RO         4436    .ARM.Collect$$libinit$$0000000E  c_w.l(libinit2.o)
    0x0800016c   0x0800016c   0x00000006   Code   RO         4437    .ARM.Collect$$libinit$$0000000F  c_w.l(libinit2.o)
    0x08000172   0x08000172   0x00000000   Code   RO         4439    .ARM.Collect$$libinit$$00000011  c_w.l(libinit2.o)
    0x08000172   0x08000172   0x00000000   Code   RO         4441    .ARM.Collect$$libinit$$00000013  c_w.l(libinit2.o)
    0x08000172   0x08000172   0x00000000   Code   RO         4443    .ARM.Collect$$libinit$$00000015  c_w.l(libinit2.o)
    0x08000172   0x08000172   0x0000000a   Code   RO         4444    .ARM.Collect$$libinit$$00000016  c_w.l(libinit2.o)
    0x0800017c   0x0800017c   0x00000000   Code   RO         4445    .ARM.Collect$$libinit$$00000017  c_w.l(libinit2.o)
    0x0800017c   0x0800017c   0x00000000   Code   RO         4447    .ARM.Collect$$libinit$$00000019  c_w.l(libinit2.o)
    0x0800017c   0x0800017c   0x00000000   Code   RO         4449    .ARM.Collect$$libinit$$0000001B  c_w.l(libinit2.o)
    0x0800017c   0x0800017c   0x00000000   Code   RO         4451    .ARM.Collect$$libinit$$0000001D  c_w.l(libinit2.o)
    0x0800017c   0x0800017c   0x00000000   Code   RO         4453    .ARM.Collect$$libinit$$0000001F  c_w.l(libinit2.o)
    0x0800017c   0x0800017c   0x00000000   Code   RO         4455    .ARM.Collect$$libinit$$00000021  c_w.l(libinit2.o)
    0x0800017c   0x0800017c   0x00000000   Code   RO         4457    .ARM.Collect$$libinit$$00000023  c_w.l(libinit2.o)
    0x0800017c   0x0800017c   0x00000000   Code   RO         4459    .ARM.Collect$$libinit$$00000025  c_w.l(libinit2.o)
    0x0800017c   0x0800017c   0x00000000   Code   RO         4463    .ARM.Collect$$libinit$$0000002C  c_w.l(libinit2.o)
    0x0800017c   0x0800017c   0x00000000   Code   RO         4465    .ARM.Collect$$libinit$$0000002E  c_w.l(libinit2.o)
    0x0800017c   0x0800017c   0x00000000   Code   RO         4467    .ARM.Collect$$libinit$$00000030  c_w.l(libinit2.o)
    0x0800017c   0x0800017c   0x00000000   Code   RO         4469    .ARM.Collect$$libinit$$00000032  c_w.l(libinit2.o)
    0x0800017c   0x0800017c   0x00000002   Code   RO         4470    .ARM.Collect$$libinit$$00000033  c_w.l(libinit2.o)
    0x0800017e   0x0800017e   0x00000002   Code   RO         4500    .ARM.Collect$$libshutdown$$00000000  c_w.l(libshutdown.o)
    0x08000180   0x08000180   0x00000000   Code   RO         4511    .ARM.Collect$$libshutdown$$00000002  c_w.l(libshutdown2.o)
    0x08000180   0x08000180   0x00000000   Code   RO         4513    .ARM.Collect$$libshutdown$$00000004  c_w.l(libshutdown2.o)
    0x08000180   0x08000180   0x00000000   Code   RO         4516    .ARM.Collect$$libshutdown$$00000007  c_w.l(libshutdown2.o)
    0x08000180   0x08000180   0x00000000   Code   RO         4519    .ARM.Collect$$libshutdown$$0000000A  c_w.l(libshutdown2.o)
    0x08000180   0x08000180   0x00000000   Code   RO         4521    .ARM.Collect$$libshutdown$$0000000C  c_w.l(libshutdown2.o)
    0x08000180   0x08000180   0x00000000   Code   RO         4524    .ARM.Collect$$libshutdown$$0000000F  c_w.l(libshutdown2.o)
    0x08000180   0x08000180   0x00000002   Code   RO         4525    .ARM.Collect$$libshutdown$$00000010  c_w.l(libshutdown2.o)
    0x08000182   0x08000182   0x00000000   Code   RO         4330    .ARM.Collect$$rtentry$$00000000  c_w.l(__rtentry.o)
    0x08000182   0x08000182   0x00000000   Code   RO         4350    .ARM.Collect$$rtentry$$00000002  c_w.l(__rtentry2.o)
    0x08000182   0x08000182   0x00000006   Code   RO         4362    .ARM.Collect$$rtentry$$00000004  c_w.l(__rtentry4.o)
    0x08000188   0x08000188   0x00000008   Code   RO         4351    .ARM.Collect$$rtentry$$00000008  c_w.l(__rtentry2.o)
    0x08000190   0x08000190   0x00000004   Code   RO         4353    .ARM.Collect$$rtentry$$0000000A  c_w.l(__rtentry2.o)
    0x08000194   0x08000194   0x00000000   Code   RO         4355    .ARM.Collect$$rtentry$$0000000C  c_w.l(__rtentry2.o)
    0x08000194   0x08000194   0x00000008   Code   RO         4356    .ARM.Collect$$rtentry$$0000000D  c_w.l(__rtentry2.o)
    0x0800019c   0x0800019c   0x00000002   Code   RO         4471    .ARM.Collect$$rtexit$$00000000  c_w.l(rtexit.o)
    0x0800019e   0x0800019e   0x00000000   Code   RO         4478    .ARM.Collect$$rtexit$$00000002  c_w.l(rtexit2.o)
    0x0800019e   0x0800019e   0x00000004   Code   RO         4479    .ARM.Collect$$rtexit$$00000003  c_w.l(rtexit2.o)
    0x080001a2   0x080001a2   0x00000006   Code   RO         4480    .ARM.Collect$$rtexit$$00000004  c_w.l(rtexit2.o)
    0x080001a8   0x080001a8   0x00000096   Code   RO         3379    .emb_text           port.o
    0x0800023e   0x0800023e   0x00000002   PAD
    0x08000240   0x08000240   0x00000040   Code   RO         3074    .text               startup_stm32f10x_md.o
    0x08000280   0x08000280   0x00000028   Code   RO         4272    .text               c_w.l(noretval__2sprintf.o)
    0x080002a8   0x080002a8   0x0000010e   Code   RO         4284    .text               c_w.l(__printf_wp.o)
    0x080003b6   0x080003b6   0x0000008a   Code   RO         4298    .text               c_w.l(rt_memcpy_v6.o)
    0x08000440   0x08000440   0x00000064   Code   RO         4300    .text               c_w.l(rt_memcpy_w.o)
    0x080004a4   0x080004a4   0x00000010   Code   RO         4302    .text               c_w.l(aeabi_memset.o)
    0x080004b4   0x080004b4   0x00000006   Code   RO         4304    .text               c_w.l(heapauxi.o)
    0x080004ba   0x080004ba   0x0000041e   Code   RO         4331    .text               c_w.l(_printf_fp_dec.o)
    0x080008d8   0x080008d8   0x00000030   Code   RO         4333    .text               c_w.l(_printf_char_common.o)
    0x08000908   0x08000908   0x0000000a   Code   RO         4335    .text               c_w.l(_sputc.o)
    0x08000912   0x08000912   0x00000044   Code   RO         4338    .text               c_w.l(rt_memclr.o)
    0x08000956   0x08000956   0x0000000a   Code   RO         4369    .text               c_w.l(rt_locale_twolibspace.o)
    0x08000960   0x08000960   0x0000008a   Code   RO         4371    .text               c_w.l(lludiv10.o)
    0x080009ea   0x080009ea   0x00000002   PAD
    0x080009ec   0x080009ec   0x00000080   Code   RO         4373    .text               c_w.l(_printf_fp_infnan.o)
    0x08000a6c   0x08000a6c   0x000000e4   Code   RO         4377    .text               c_w.l(bigflt0.o)
    0x08000b50   0x08000b50   0x0000004e   Code   RO         4405    .text               c_w.l(rt_memclr_w.o)
    0x08000b9e   0x08000b9e   0x00000002   PAD
    0x08000ba0   0x08000ba0   0x00000008   Code   RO         4413    .text               c_w.l(libspace.o)
    0x08000ba8   0x08000ba8   0x0000004a   Code   RO         4416    .text               c_w.l(sys_stackheap_outer.o)
    0x08000bf2   0x08000bf2   0x00000012   Code   RO         4418    .text               c_w.l(exit.o)
    0x08000c04   0x08000c04   0x00000080   Code   RO         4420    .text               c_w.l(strcmpv7m.o)
    0x08000c84   0x08000c84   0x0000000c   Code   RO         4490    .text               c_w.l(sys_exit.o)
    0x08000c90   0x08000c90   0x00000002   Code   RO         4501    .text               c_w.l(use_no_semi.o)
    0x08000c92   0x08000c92   0x00000000   Code   RO         4503    .text               c_w.l(indicate_semi.o)
    0x08000c92   0x08000c92   0x0000003e   Code   RO         4380    CL$$btod_d2e        c_w.l(btod.o)
    0x08000cd0   0x08000cd0   0x00000046   Code   RO         4382    CL$$btod_d2e_denorm_low  c_w.l(btod.o)
    0x08000d16   0x08000d16   0x00000060   Code   RO         4381    CL$$btod_d2e_norm_op1  c_w.l(btod.o)
    0x08000d76   0x08000d76   0x00000338   Code   RO         4390    CL$$btod_div_common  c_w.l(btod.o)
    0x080010ae   0x080010ae   0x000000dc   Code   RO         4387    CL$$btod_e2e        c_w.l(btod.o)
    0x0800118a   0x0800118a   0x0000002a   Code   RO         4384    CL$$btod_ediv       c_w.l(btod.o)
    0x080011b4   0x080011b4   0x0000002a   Code   RO         4383    CL$$btod_emul       c_w.l(btod.o)
    0x080011de   0x080011de   0x00000244   Code   RO         4389    CL$$btod_mult_common  c_w.l(btod.o)
    0x08001422   0x08001422   0x00000002   PAD
    0x08001424   0x08001424   0x0000000c   Code   RO          563    i.Buzzer_GetARR     buzzer.o
    0x08001430   0x08001430   0x000000bc   Code   RO          564    i.Buzzer_Init       buzzer.o
    0x080014ec   0x080014ec   0x00000034   Code   RO          566    i.Buzzer_SetFrequency  buzzer.o
    0x08001520   0x08001520   0x00000010   Code   RO          567    i.Buzzer_Start      buzzer.o
    0x08001530   0x08001530   0x00000010   Code   RO          568    i.Buzzer_Stop       buzzer.o
    0x08001540   0x08001540   0x00000068   Code   RO          193    i.Config_Button     uart.o
    0x080015a8   0x080015a8   0x000000a0   Code   RO          387    i.Config_SPI        spi.o
    0x08001648   0x08001648   0x0000008c   Code   RO          194    i.Config_UART       uart.o
    0x080016d4   0x080016d4   0x0000001a   Code   RO          388    i.DelayMs           spi.o
    0x080016ee   0x080016ee   0x00000002   PAD
    0x080016f0   0x080016f0   0x0000003c   Code   RO            4    i.EXTI1_IRQHandler  main.o
    0x0800172c   0x0800172c   0x0000000c   Code   RO         1763    i.EXTI_ClearITPendingBit  stm32f10x_exti.o
    0x08001738   0x08001738   0x00000028   Code   RO         1767    i.EXTI_GetITStatus  stm32f10x_exti.o
    0x08001760   0x08001760   0x00000094   Code   RO         1768    i.EXTI_Init         stm32f10x_exti.o
    0x080017f4   0x080017f4   0x0000003a   Code   RO          435    i.FillRect          st7735.o
    0x0800182e   0x0800182e   0x00000002   PAD
    0x08001830   0x08001830   0x0000008c   Code   RO          671    i.FontMakerPutChar  graphic.o
    0x080018bc   0x080018bc   0x00000046   Code   RO          673    i.FontMakerPutString  graphic.o
    0x08001902   0x08001902   0x0000004a   Code   RO          622    i.FontMakerRead_font  fontmaker.o
    0x0800194c   0x0800194c   0x00000088   Code   RO          623    i.FontMakerUTF8_GetAddr  fontmaker.o
    0x080019d4   0x080019d4   0x00000040   Code   RO         1831    i.GPIO_EXTILineConfig  stm32f10x_gpio.o
    0x08001a14   0x08001a14   0x00000116   Code   RO         1834    i.GPIO_Init         stm32f10x_gpio.o
    0x08001b2a   0x08001b2a   0x00000012   Code   RO         1838    i.GPIO_ReadInputDataBit  stm32f10x_gpio.o
    0x08001b3c   0x08001b3c   0x00000004   Code   RO         1841    i.GPIO_ResetBits    stm32f10x_gpio.o
    0x08001b40   0x08001b40   0x00000004   Code   RO         1842    i.GPIO_SetBits      stm32f10x_gpio.o
    0x08001b44   0x08001b44   0x0000000c   Code   RO          687    i.IOT47_GFX_connectToDriver  graphic.o
    0x08001b50   0x08001b50   0x0000003a   Code   RO          296    i.Modbus_CRC16      pzem004t.o
    0x08001b8a   0x08001b8a   0x00000002   PAD
    0x08001b8c   0x08001b8c   0x00000070   Code   RO         1714    i.NVIC_Init         misc.o
    0x08001bfc   0x08001bfc   0x0000000c   Code   RO          297    i.PZEM_GetCurrent   pzem004t.o
    0x08001c08   0x08001c08   0x0000000c   Code   RO          298    i.PZEM_GetEnergy    pzem004t.o
    0x08001c14   0x08001c14   0x0000000c   Code   RO          299    i.PZEM_GetFrequency  pzem004t.o
    0x08001c20   0x08001c20   0x0000000c   Code   RO          300    i.PZEM_GetPF        pzem004t.o
    0x08001c2c   0x08001c2c   0x0000000c   Code   RO          301    i.PZEM_GetPower     pzem004t.o
    0x08001c38   0x08001c38   0x0000000c   Code   RO          302    i.PZEM_GetVoltage   pzem004t.o
    0x08001c44   0x08001c44   0x00000158   Code   RO          303    i.PZEM_ReadAll      pzem004t.o
    0x08001d9c   0x08001d9c   0x00000020   Code   RO         1958    i.RCC_APB2PeriphClockCmd  stm32f10x_rcc.o
    0x08001dbc   0x08001dbc   0x000000d4   Code   RO         1966    i.RCC_GetClocksFreq  stm32f10x_rcc.o
    0x08001e90   0x08001e90   0x00000030   Code   RO          389    i.SPI1_SendByte     spi.o
    0x08001ec0   0x08001ec0   0x00000018   Code   RO         2171    i.SPI_Cmd           stm32f10x_spi.o
    0x08001ed8   0x08001ed8   0x00000012   Code   RO         2179    i.SPI_I2S_GetFlagStatus  stm32f10x_spi.o
    0x08001eea   0x08001eea   0x00000004   Code   RO         2183    i.SPI_I2S_SendData  stm32f10x_spi.o
    0x08001eee   0x08001eee   0x0000003c   Code   RO         2184    i.SPI_Init          stm32f10x_spi.o
    0x08001f2a   0x08001f2a   0x00000028   Code   RO          436    i.ST7735_Clr        st7735.o
    0x08001f52   0x08001f52   0x00000002   PAD
    0x08001f54   0x08001f54   0x000001cc   Code   RO          438    i.ST7735_Init       st7735.o
    0x08002120   0x08002120   0x00000024   Code   RO          439    i.ST7735_Reset      st7735.o
    0x08002144   0x08002144   0x0000005a   Code   RO          440    i.ST7735_SetWindow  st7735.o
    0x0800219e   0x0800219e   0x00000002   PAD
    0x080021a0   0x080021a0   0x00000028   Code   RO          441    i.ST7735_WriteCMD   st7735.o
    0x080021c8   0x080021c8   0x00000028   Code   RO          442    i.ST7735_WriteData  st7735.o
    0x080021f0   0x080021f0   0x00000012   Code   RO          443    i.ST7735_draw       st7735.o
    0x08002202   0x08002202   0x00000036   Code   RO          444    i.ST7735_drawPixel  st7735.o
    0x08002238   0x08002238   0x00000008   Code   RO         3081    i.SetSysClock       system_stm32f10x.o
    0x08002240   0x08002240   0x000000e0   Code   RO         3082    i.SetSysClockTo72   system_stm32f10x.o
    0x08002320   0x08002320   0x00000016   Code   RO         1100    i.SysTick_Handler   cmsis_os2.o
    0x08002336   0x08002336   0x00000002   PAD
    0x08002338   0x08002338   0x00000060   Code   RO         3084    i.SystemInit        system_stm32f10x.o
    0x08002398   0x08002398   0x00000018   Code   RO         2326    i.TIM_ARRPreloadConfig  stm32f10x_tim.o
    0x080023b0   0x080023b0   0x00000018   Code   RO         2338    i.TIM_Cmd           stm32f10x_tim.o
    0x080023c8   0x080023c8   0x0000001e   Code   RO         2340    i.TIM_CtrlPWMOutputs  stm32f10x_tim.o
    0x080023e6   0x080023e6   0x00000002   PAD
    0x080023e8   0x080023e8   0x00000098   Code   RO         2367    i.TIM_OC1Init       stm32f10x_tim.o
    0x08002480   0x08002480   0x00000014   Code   RO         2385    i.TIM_OCStructInit  stm32f10x_tim.o
    0x08002494   0x08002494   0x00000004   Code   RO         2399    i.TIM_SetCompare1   stm32f10x_tim.o
    0x08002498   0x08002498   0x000000a4   Code   RO         2409    i.TIM_TimeBaseInit  stm32f10x_tim.o
    0x0800253c   0x0800253c   0x00000110   Code   RO            5    i.Task_Alert        main.o
    0x0800264c   0x0800264c   0x000000b4   Code   RO            6    i.Task_ButtonHandler  main.o
    0x08002700   0x08002700   0x000001b8   Code   RO            7    i.Task_Display      main.o
    0x080028b8   0x080028b8   0x0000007c   Code   RO            8    i.Task_PZEM         main.o
    0x08002934   0x08002934   0x0000002c   Code   RO          195    i.UART_ReceiveByte  uart.o
    0x08002960   0x08002960   0x00000022   Code   RO          197    i.UART_SendArray    uart.o
    0x08002982   0x08002982   0x0000001e   Code   RO          198    i.UART_SendByte     uart.o
    0x080029a0   0x080029a0   0x00000018   Code   RO         2886    i.USART_Cmd         stm32f10x_usart.o
    0x080029b8   0x080029b8   0x0000001a   Code   RO         2889    i.USART_GetFlagStatus  stm32f10x_usart.o
    0x080029d2   0x080029d2   0x00000002   PAD
    0x080029d4   0x080029d4   0x000000d8   Code   RO         2893    i.USART_Init        stm32f10x_usart.o
    0x08002aac   0x08002aac   0x0000000a   Code   RO         2900    i.USART_ReceiveData  stm32f10x_usart.o
    0x08002ab6   0x08002ab6   0x00000008   Code   RO         2903    i.USART_SendData    stm32f10x_usart.o
    0x08002abe   0x08002abe   0x00000028   Code   RO         4411    i.__ARM_fpclassify  m_ws.l(fpclassify.o)
    0x08002ae6   0x08002ae6   0x0000000e   Code   RO         4286    i._is_digit         c_w.l(__printf_wp.o)
    0x08002af4   0x08002af4   0x00000016   Code   RO          937    i._mutex_acquire    clib_arm.o
    0x08002b0a   0x08002b0a   0x00000002   PAD
    0x08002b0c   0x08002b0c   0x00000034   Code   RO          938    i._mutex_free       clib_arm.o
    0x08002b40   0x08002b40   0x00000060   Code   RO          939    i._mutex_initialize  clib_arm.o
    0x08002ba0   0x08002ba0   0x00000018   Code   RO          940    i._mutex_release    clib_arm.o
    0x08002bb8   0x08002bb8   0x00000002   Code   RO          941    i._platform_post_stackheap_init  clib_arm.o
    0x08002bba   0x08002bba   0x00000002   PAD
    0x08002bbc   0x08002bbc   0x00000128   Code   RO            9    i.main              main.o
    0x08002ce4   0x08002ce4   0x00000024   Code   RO          942    i.os_kernel_is_active  clib_arm.o
    0x08002d08   0x08002d08   0x0000007c   Code   RO         3699    i.prvAddCurrentTaskToDelayedList  tasks.o
    0x08002d84   0x08002d84   0x000000b8   Code   RO         3700    i.prvAddNewTaskToReadyList  tasks.o
    0x08002e3c   0x08002e3c   0x0000005c   Code   RO         4096    i.prvCheckForValidListAndQueue  timers.o
    0x08002e98   0x08002e98   0x00000048   Code   RO         3701    i.prvCheckTasksWaitingTermination  tasks.o
    0x08002ee0   0x08002ee0   0x0000002a   Code   RO         3462    i.prvCopyDataFromQueue  queue.o
    0x08002f0a   0x08002f0a   0x0000007e   Code   RO         3463    i.prvCopyDataToQueue  queue.o
    0x08002f88   0x08002f88   0x00000028   Code   RO         3702    i.prvDeleteTCB      tasks.o
    0x08002fb0   0x08002fb0   0x00000014   Code   RO         3464    i.prvGetDisinheritPriorityAfterTimeout  queue.o
    0x08002fc4   0x08002fc4   0x00000028   Code   RO         4097    i.prvGetNextExpireTime  timers.o
    0x08002fec   0x08002fec   0x0000007c   Code   RO         3312    i.prvHeapInit       heap_4.o
    0x08003068   0x08003068   0x00000028   Code   RO         3703    i.prvIdleTask       tasks.o
    0x08003090   0x08003090   0x0000001e   Code   RO         3465    i.prvInitialiseMutex  queue.o
    0x080030ae   0x080030ae   0x0000002a   Code   RO         3466    i.prvInitialiseNewQueue  queue.o
    0x080030d8   0x080030d8   0x0000009a   Code   RO         3704    i.prvInitialiseNewTask  tasks.o
    0x08003172   0x08003172   0x00000002   PAD
    0x08003174   0x08003174   0x00000068   Code   RO         3705    i.prvInitialiseTaskLists  tasks.o
    0x080031dc   0x080031dc   0x00000068   Code   RO         3313    i.prvInsertBlockIntoFreeList  heap_4.o
    0x08003244   0x08003244   0x00000058   Code   RO         4099    i.prvInsertTimerInActiveList  timers.o
    0x0800329c   0x0800329c   0x0000001a   Code   RO         3467    i.prvIsQueueEmpty   queue.o
    0x080032b6   0x080032b6   0x0000001e   Code   RO         3468    i.prvIsQueueFull    queue.o
    0x080032d4   0x080032d4   0x0000005c   Code   RO         4100    i.prvProcessExpiredTimer  timers.o
    0x08003330   0x08003330   0x0000010c   Code   RO         4101    i.prvProcessReceivedCommands  timers.o
    0x0800343c   0x0800343c   0x00000074   Code   RO         4102    i.prvProcessTimerOrBlockTask  timers.o
    0x080034b0   0x080034b0   0x00000034   Code   RO         3707    i.prvResetNextTaskUnblockTime  tasks.o
    0x080034e4   0x080034e4   0x0000002c   Code   RO         4103    i.prvSampleTimeNow  timers.o
    0x08003510   0x08003510   0x00000088   Code   RO         4104    i.prvSwitchTimerLists  timers.o
    0x08003598   0x08003598   0x00000016   Code   RO         3380    i.prvTaskExitError  port.o
    0x080035ae   0x080035ae   0x0000001a   Code   RO         4105    i.prvTimerTask      timers.o
    0x080035c8   0x080035c8   0x0000007e   Code   RO         3469    i.prvUnlockQueue    queue.o
    0x08003646   0x08003646   0x00000002   PAD
    0x08003648   0x08003648   0x000000e0   Code   RO         3314    i.pvPortMalloc      heap_4.o
    0x08003728   0x08003728   0x00000020   Code   RO         3710    i.pvTaskIncrementMutexHeldCount  tasks.o
    0x08003748   0x08003748   0x00000024   Code   RO         3381    i.pxPortInitialiseStack  port.o
    0x0800376c   0x0800376c   0x00000028   Code   RO         3264    i.uxListRemove      list.o
    0x08003794   0x08003794   0x00000018   Code   RO         1176    i.vApplicationGetIdleTaskMemory  cmsis_os2.o
    0x080037ac   0x080037ac   0x00000018   Code   RO         1177    i.vApplicationGetTimerTaskMemory  cmsis_os2.o
    0x080037c4   0x080037c4   0x00000002   Code   RO         1178    i.vApplicationStackOverflowHook  cmsis_os2.o
    0x080037c6   0x080037c6   0x0000001a   Code   RO         3265    i.vListInitialise   list.o
    0x080037e0   0x080037e0   0x00000006   Code   RO         3266    i.vListInitialiseItem  list.o
    0x080037e6   0x080037e6   0x00000034   Code   RO         3267    i.vListInsert       list.o
    0x0800381a   0x0800381a   0x00000018   Code   RO         3268    i.vListInsertEnd    list.o
    0x08003832   0x08003832   0x00000002   PAD
    0x08003834   0x08003834   0x00000024   Code   RO         3383    i.vPortEnterCritical  port.o
    0x08003858   0x08003858   0x00000020   Code   RO         3384    i.vPortExitCritical  port.o
    0x08003878   0x08003878   0x00000058   Code   RO         3315    i.vPortFree         heap_4.o
    0x080038d0   0x080038d0   0x00000028   Code   RO         3385    i.vPortSetupTimerInterrupt  port.o
    0x080038f8   0x080038f8   0x00000014   Code   RO         3475    i.vQueueDelete      queue.o
    0x0800390c   0x0800390c   0x0000004a   Code   RO         3477    i.vQueueWaitForMessageRestricted  queue.o
    0x08003956   0x08003956   0x00000002   PAD
    0x08003958   0x08003958   0x00000034   Code   RO         3720    i.vTaskDelay        tasks.o
    0x0800398c   0x0800398c   0x00000018   Code   RO         3725    i.vTaskInternalSetTimeOutState  tasks.o
    0x080039a4   0x080039a4   0x0000000c   Code   RO         3726    i.vTaskMissedYield  tasks.o
    0x080039b0   0x080039b0   0x00000020   Code   RO         3728    i.vTaskPlaceOnEventList  tasks.o
    0x080039d0   0x080039d0   0x00000028   Code   RO         3729    i.vTaskPlaceOnEventListRestricted  tasks.o
    0x080039f8   0x080039f8   0x0000008c   Code   RO         3731    i.vTaskPriorityDisinheritAfterTimeout  tasks.o
    0x08003a84   0x08003a84   0x00000094   Code   RO         3737    i.vTaskStartScheduler  tasks.o
    0x08003b18   0x08003b18   0x00000010   Code   RO         3739    i.vTaskSuspendAll   tasks.o
    0x08003b28   0x08003b28   0x000000b0   Code   RO         3740    i.vTaskSwitchContext  tasks.o
    0x08003bd8   0x08003bd8   0x00000034   Code   RO         3386    i.xPortStartScheduler  port.o
    0x08003c0c   0x08003c0c   0x00000034   Code   RO         3387    i.xPortSysTickHandler  port.o
    0x08003c40   0x08003c40   0x00000022   Code   RO         3480    i.xQueueCreateMutex  queue.o
    0x08003c62   0x08003c62   0x0000002a   Code   RO         3481    i.xQueueCreateMutexStatic  queue.o
    0x08003c8c   0x08003c8c   0x0000003a   Code   RO         3482    i.xQueueGenericCreate  queue.o
    0x08003cc6   0x08003cc6   0x0000002e   Code   RO         3483    i.xQueueGenericCreateStatic  queue.o
    0x08003cf4   0x08003cf4   0x00000080   Code   RO         3484    i.xQueueGenericReset  queue.o
    0x08003d74   0x08003d74   0x00000118   Code   RO         3485    i.xQueueGenericSend  queue.o
    0x08003e8c   0x08003e8c   0x0000008a   Code   RO         3486    i.xQueueGenericSendFromISR  queue.o
    0x08003f16   0x08003f16   0x00000078   Code   RO         3489    i.xQueueGiveFromISR  queue.o
    0x08003f8e   0x08003f8e   0x00000002   PAD
    0x08003f90   0x08003f90   0x00000104   Code   RO         3495    i.xQueueReceive     queue.o
    0x08004094   0x08004094   0x00000130   Code   RO         3497    i.xQueueSemaphoreTake  queue.o
    0x080041c4   0x080041c4   0x0000005c   Code   RO         3742    i.xTaskCheckForTimeOut  tasks.o
    0x08004220   0x08004220   0x00000064   Code   RO         3743    i.xTaskCreate       tasks.o
    0x08004284   0x08004284   0x0000004e   Code   RO         3744    i.xTaskCreateStatic  tasks.o
    0x080042d2   0x080042d2   0x00000002   PAD
    0x080042d4   0x080042d4   0x00000020   Code   RO         3748    i.xTaskGetSchedulerState  tasks.o
    0x080042f4   0x080042f4   0x0000000c   Code   RO         3749    i.xTaskGetTickCount  tasks.o
    0x08004300   0x08004300   0x00000118   Code   RO         3751    i.xTaskIncrementTick  tasks.o
    0x08004418   0x08004418   0x00000060   Code   RO         3754    i.xTaskPriorityDisinherit  tasks.o
    0x08004478   0x08004478   0x000000a4   Code   RO         3755    i.xTaskPriorityInherit  tasks.o
    0x0800451c   0x0800451c   0x00000080   Code   RO         3756    i.xTaskRemoveFromEventList  tasks.o
    0x0800459c   0x0800459c   0x000000e8   Code   RO         3757    i.xTaskResumeAll    tasks.o
    0x08004684   0x08004684   0x00000060   Code   RO         4114    i.xTimerCreateTimerTask  timers.o
    0x080046e4   0x080046e4   0x0000006c   Code   RO         4115    i.xTimerGenericCommand  timers.o
    0x08004750   0x08004750   0x0000002c   Code   RO         4403    locale$$code        c_w.l(lc_numeric_c.o)
    0x0800477c   0x0800477c   0x0000000c   Code   RO         4340    x$fpl$dretinf       fz_ws.l(dretinf.o)
    0x08004788   0x08004788   0x00000056   Code   RO         4308    x$fpl$f2d           fz_ws.l(f2d.o)
    0x080047de   0x080047de   0x00000018   Code   RO         4407    x$fpl$fcmpinf       fz_ws.l(fcmpi.o)
    0x080047f6   0x080047f6   0x00000002   PAD
    0x080047f8   0x080047f8   0x00000184   Code   RO         4311    x$fpl$fdiv          fz_ws.l(fdiv.o)
    0x0800497c   0x0800497c   0x00000030   Code   RO         4319    x$fpl$fflt          fz_ws.l(fflt_clz.o)
    0x080049ac   0x080049ac   0x00000026   Code   RO         4318    x$fpl$ffltu         fz_ws.l(fflt_clz.o)
    0x080049d2   0x080049d2   0x00000002   PAD
    0x080049d4   0x080049d4   0x00000068   Code   RO         4342    x$fpl$fleqf         fz_ws.l(fleqf.o)
    0x08004a3c   0x08004a3c   0x0000008c   Code   RO         4344    x$fpl$fnaninf       fz_ws.l(fnaninf.o)
    0x08004ac8   0x08004ac8   0x0000000a   Code   RO         4346    x$fpl$fretinf       fz_ws.l(fretinf.o)
    0x08004ad2   0x08004ad2   0x00000062   Code   RO         4326    x$fpl$frleqf        fz_ws.l(frleqf.o)
    0x08004b34   0x08004b34   0x00000004   Code   RO         4328    x$fpl$printf1       fz_ws.l(printf1.o)
    0x08004b38   0x08004b38   0x00000000   Code   RO         4348    x$fpl$usenofp       fz_ws.l(usenofp.o)
    0x08004b38   0x08004b38   0x0000122c   Data   RO          626    .constdata          fontmaker.o
    0x08005d64   0x08005d64   0x00000094   Data   RO         4378    .constdata          c_w.l(bigflt0.o)
    0x08005df8   0x08005df8   0x00000020   Data   RO         4550    Region$$Table       anon$$obj.o
    0x08005e18   0x08005e18   0x0000001c   Data   RO         4402    locale$$data        c_w.l(lc_numeric_c.o)


    Execution Region RW_IRAM1 (Exec base: 0x20000000, Load base: 0x08005e34, Size: 0x00003498, Max: 0x00005000, ABSOLUTE)

    Exec Addr    Load Addr    Size         Type   Attr      Idx    E Section Name        Object

    0x20000000   0x08005e34   0x00000011   Data   RW           11    .data               main.o
    0x20000011   0x08005e45   0x00000003   PAD
    0x20000014   0x08005e48   0x00000008   Data   RW          202    .data               uart.o
    0x2000001c   0x08005e50   0x00000020   Data   RW          305    .data               pzem004t.o
    0x2000003c   0x08005e70   0x00000004   Data   RW          391    .data               spi.o
    0x20000040   0x08005e74   0x00000004   Data   RW          569    .data               buzzer.o
    0x20000044   0x08005e78   0x00000004   Data   RW          701    .data               graphic.o
    0x20000048   0x08005e7c   0x00000001   Data   RW          944    .data               clib_arm.o
    0x20000049   0x08005e7d   0x00000014   Data   RW         1986    .data               stm32f10x_rcc.o
    0x2000005d   0x08005e91   0x00000003   PAD
    0x20000060   0x08005e94   0x00000014   Data   RW         3085    .data               system_stm32f10x.o
    0x20000074   0x08005ea8   0x00000020   Data   RW         3321    .data               heap_4.o
    0x20000094   0x08005ec8   0x00000004   Data   RW         3388    .data               port.o
    0x20000098   0x08005ecc   0x0000003c   Data   RW         3760    .data               tasks.o
    0x200000d4   0x08005f08   0x00000014   Data   RW         4123    .data               timers.o
    0x200000e8        -       0x00000018   Zero   RW           10    .bss                main.o
    0x20000100        -       0x00000019   Zero   RW          304    .bss                pzem004t.o
    0x20000119   0x08005f1c   0x00000003   PAD
    0x2000011c        -       0x00000394   Zero   RW          943    .bss                clib_arm.o
    0x200004b0        -       0x000003f8   Zero   RW         1179    .bss                cmsis_os2.o
    0x200008a8        -       0x00002000   Zero   RW         3320    .bss                heap_4.o
    0x200028a8        -       0x000004c4   Zero   RW         3759    .bss                tasks.o
    0x20002d6c        -       0x000000c8   Zero   RW         4122    .bss                timers.o
    0x20002e34        -       0x00000060   Zero   RW         4414    .bss                c_w.l(libspace.o)
    0x20002e94   0x08005f1c   0x00000004   PAD
    0x20002e98        -       0x00000200   Zero   RW         3072    HEAP                startup_stm32f10x_md.o
    0x20003098        -       0x00000400   Zero   RW         3071    STACK               startup_stm32f10x_md.o


==============================================================================

Image component sizes


      Code (inc. data)   RO Data    RW Data    ZI Data      Debug   Object Name

       284         50          0          4          0       2685   buzzer.o
       232         20          0          1        916       4832   clib_arm.o
        72         20          0          0       1016      26399   cmsis_os2.o
         0          0          0          0          0       9056   event_groups.o
       210          4       4652          0          0       2894   fontmaker.o
       222         10          0          4          0       5453   graphic.o
       540         74          0         32       8192       4219   heap_4.o
       148          0          0          0          0       3422   list.o
      1372        278          0         17         24     294023   main.o
       112         12          0          0          0       1232   misc.o
       420         48          0          4          0       9304   port.o
       474         84          0         32         25      14341   pzem004t.o
      1946         18          0          0          0      20878   queue.o
       234         20          0          4          0       1683   spi.o
       836         44          0          0          0       5266   st7735.o
        64         26        236          0       1536        812   startup_stm32f10x_md.o
       200         18          0          0          0       2468   stm32f10x_exti.o
       368          4          0          0          0       4778   stm32f10x_gpio.o
       244         26          0         20          0       4149   stm32f10x_rcc.o
       106          0          0          0          0       3724   stm32f10x_spi.o
       418         62          0          0          0       5284   stm32f10x_tim.o
       284          6          0          0          0       5072   stm32f10x_usart.o
       328         28          0         20          0       2257   system_stm32f10x.o
      2656        370          0         60       1220      40531   tasks.o
      1106        114          0         20        200      12103   timers.o
       352         24          0          8          0       4495   uart.o

    ----------------------------------------------------------------------
     13262       1360       4920        232      13132     491360   Object Totals
         0          0         32          0          0          0   (incl. Generated)
        34          0          0          6          3          0   (incl. Padding)

    ----------------------------------------------------------------------

      Code (inc. data)   RO Data    RW Data    ZI Data      Debug   Library Member Name

         8          0          0          0          0         68   __main.o
       284          0          0          0          0        156   __printf_wp.o
         0          0          0          0          0          0   __rtentry.o
        20          0          0          0          0          0   __rtentry2.o
         6          0          0          0          0          0   __rtentry4.o
        52          8          0          0          0          0   __scatter.o
        26          0          0          0          0          0   __scatter_copy.o
        28          0          0          0          0          0   __scatter_zi.o
        48          6          0          0          0         96   _printf_char_common.o
         6          0          0          0          0          0   _printf_f.o
      1054          0          0          0          0        216   _printf_fp_dec.o
       128         16          0          0          0         84   _printf_fp_infnan.o
         0          0          0          0          0          0   _printf_percent.o
         4          0          0          0          0          0   _printf_percent_end.o
        10          0          0          0          0         68   _sputc.o
        16          0          0          0          0         68   aeabi_memset.o
       228          4        148          0          0         96   bigflt0.o
      1936        128          0          0          0        672   btod.o
        18          0          0          0          0         80   exit.o
         6          0          0          0          0        152   heapauxi.o
         0          0          0          0          0          0   indicate_semi.o
        44         10         28          0          0         76   lc_numeric_c.o
         2          0          0          0          0          0   libinit.o
        18          0          0          0          0          0   libinit2.o
         2          0          0          0          0          0   libshutdown.o
         2          0          0          0          0          0   libshutdown2.o
         8          4          0          0         96         68   libspace.o
       138          0          0          0          0         80   lludiv10.o
        40          6          0          0          0         84   noretval__2sprintf.o
        10          0          0          0          0         76   rt_locale_twolibspace.o
        68          0          0          0          0         68   rt_memclr.o
        78          0          0          0          0         80   rt_memclr_w.o
       138          0          0          0          0         68   rt_memcpy_v6.o
       100          0          0          0          0         80   rt_memcpy_w.o
         2          0          0          0          0          0   rtexit.o
        10          0          0          0          0          0   rtexit2.o
       128          0          0          0          0         68   strcmpv7m.o
        12          4          0          0          0         68   sys_exit.o
        74          0          0          0          0         80   sys_stackheap_outer.o
         2          0          0          0          0         68   use_no_semi.o
        12          0          0          0          0         68   dretinf.o
        86          4          0          0          0         84   f2d.o
        24          0          0          0          0         68   fcmpi.o
       388         76          0          0          0         96   fdiv.o
        86          0          0          0          0        136   fflt_clz.o
       104          4          0          0          0         84   fleqf.o
       140          4          0          0          0         84   fnaninf.o
        10          0          0          0          0         68   fretinf.o
        98          0          0          0          0         68   frleqf.o
         4          0          0          0          0         68   printf1.o
         0          0          0          0          0          0   usenofp.o
        40          0          0          0          0         68   fpclassify.o

    ----------------------------------------------------------------------
      5758        274        176          0        100       3612   Library Totals
        12          0          0          0          4          0   (incl. Padding)

    ----------------------------------------------------------------------

      Code (inc. data)   RO Data    RW Data    ZI Data      Debug   Library Name

      4754        186        176          0         96       2720   c_w.l
       952         88          0          0          0        824   fz_ws.l
        40          0          0          0          0         68   m_ws.l

    ----------------------------------------------------------------------
      5758        274        176          0        100       3612   Library Totals

    ----------------------------------------------------------------------

==============================================================================


      Code (inc. data)   RO Data    RW Data    ZI Data      Debug   

     19020       1634       5096        232      13232     484880   Grand Totals
     19020       1634       5096        232      13232     484880   ELF Image Totals
     19020       1634       5096        232          0          0   ROM Totals

==============================================================================

    Total RO  Size (Code + RO Data)                24116 (  23.55kB)
    Total RW  Size (RW Data + ZI Data)             13464 (  13.15kB)
    Total ROM Size (Code + RO Data + RW Data)      24348 (  23.78kB)

==============================================================================

